running egg_info
writing ../../../../build/joint_trajectory_demo/joint_trajectory_demo.egg-info/PKG-INFO
writing dependency_links to ../../../../build/joint_trajectory_demo/joint_trajectory_demo.egg-info/dependency_links.txt
writing entry points to ../../../../build/joint_trajectory_demo/joint_trajectory_demo.egg-info/entry_points.txt
writing requirements to ../../../../build/joint_trajectory_demo/joint_trajectory_demo.egg-info/requires.txt
writing top-level names to ../../../../build/joint_trajectory_demo/joint_trajectory_demo.egg-info/top_level.txt
reading manifest file '../../../../build/joint_trajectory_demo/joint_trajectory_demo.egg-info/SOURCES.txt'
writing manifest file '../../../../build/joint_trajectory_demo/joint_trajectory_demo.egg-info/SOURCES.txt'
running build
running build_py
running install
running install_lib
running install_data
running install_egg_info
removing '/home/user/ros2_ws/install/joint_trajectory_demo/lib/python3.12/site-packages/joint_trajectory_demo-0.0.1-py3.12.egg-info' (and everything under it)
Copying ../../../../build/joint_trajectory_demo/joint_trajectory_demo.egg-info to /home/user/ros2_ws/install/joint_trajectory_demo/lib/python3.12/site-packages/joint_trajectory_demo-0.0.1-py3.12.egg-info
running install_scripts
Installing publisher_forward_position_controller script to /home/user/ros2_ws/install/joint_trajectory_demo/lib/joint_trajectory_demo
Installing publisher_joint_trajectory_controller script to /home/user/ros2_ws/install/joint_trajectory_demo/lib/joint_trajectory_demo
writing list of installed files to '/home/user/ros2_ws/build/joint_trajectory_demo/install.log'
