[2.398s] Invoking command in '/home/user/ros2_ws/src/ros2_control_course/unit1/joint_trajectory_demo': PYTHONPATH=/home/user/ros2_ws/build/joint_trajectory_demo/prefix_override:/usr/lib/python3/dist-packages/colcon_core/task/python/colcon_distutils_commands:/home/user/ros2_ws/install/joint_trajectory_demo/lib/python3.12/site-packages:${PYTHONPATH} _=/usr/bin/env /usr/bin/python3 -W ignore:setup.py install is deprecated -W ignore:easy_install command is deprecated setup.py egg_info --egg-base ../../../../build/joint_trajectory_demo build --build-base /home/user/ros2_ws/build/joint_trajectory_demo/build install --record /home/user/ros2_ws/build/joint_trajectory_demo/install.log --single-version-externally-managed install_data
[2.965s] running egg_info
[3.000s] writing ../../../../build/joint_trajectory_demo/joint_trajectory_demo.egg-info/PKG-INFO
[3.001s] writing dependency_links to ../../../../build/joint_trajectory_demo/joint_trajectory_demo.egg-info/dependency_links.txt
[3.001s] writing entry points to ../../../../build/joint_trajectory_demo/joint_trajectory_demo.egg-info/entry_points.txt
[3.002s] writing requirements to ../../../../build/joint_trajectory_demo/joint_trajectory_demo.egg-info/requires.txt
[3.002s] writing top-level names to ../../../../build/joint_trajectory_demo/joint_trajectory_demo.egg-info/top_level.txt
[3.083s] reading manifest file '../../../../build/joint_trajectory_demo/joint_trajectory_demo.egg-info/SOURCES.txt'
[3.085s] writing manifest file '../../../../build/joint_trajectory_demo/joint_trajectory_demo.egg-info/SOURCES.txt'
[3.085s] running build
[3.085s] running build_py
[3.086s] running install
[3.097s] running install_lib
[3.135s] running install_data
[3.135s] running install_egg_info
[3.174s] removing '/home/user/ros2_ws/install/joint_trajectory_demo/lib/python3.12/site-packages/joint_trajectory_demo-0.0.1-py3.12.egg-info' (and everything under it)
[3.175s] Copying ../../../../build/joint_trajectory_demo/joint_trajectory_demo.egg-info to /home/user/ros2_ws/install/joint_trajectory_demo/lib/python3.12/site-packages/joint_trajectory_demo-0.0.1-py3.12.egg-info
[3.180s] running install_scripts
[3.413s] Installing publisher_forward_position_controller script to /home/user/ros2_ws/install/joint_trajectory_demo/lib/joint_trajectory_demo
[3.413s] Installing publisher_joint_trajectory_controller script to /home/user/ros2_ws/install/joint_trajectory_demo/lib/joint_trajectory_demo
[3.414s] writing list of installed files to '/home/user/ros2_ws/build/joint_trajectory_demo/install.log'
[3.457s] Invoked command in '/home/user/ros2_ws/src/ros2_control_course/unit1/joint_trajectory_demo' returned '0': PYTHONPATH=/home/user/ros2_ws/build/joint_trajectory_demo/prefix_override:/usr/lib/python3/dist-packages/colcon_core/task/python/colcon_distutils_commands:/home/user/ros2_ws/install/joint_trajectory_demo/lib/python3.12/site-packages:${PYTHONPATH} _=/usr/bin/env /usr/bin/python3 -W ignore:setup.py install is deprecated -W ignore:easy_install command is deprecated setup.py egg_info --egg-base ../../../../build/joint_trajectory_demo build --build-base /home/user/ros2_ws/build/joint_trajectory_demo/build install --record /home/user/ros2_ws/build/joint_trajectory_demo/install.log --single-version-externally-managed install_data
