[100%] Built target dynamixel_hardware_interface
-- Install configuration: ""
-- Up-to-date: /home/user/ros2_ws/install/dynamixel_hardware_interface/share/dynamixel_hardware_interface/dynamixel_hardware.xml
-- Up-to-date: /home/user/ros2_ws/install/dynamixel_hardware_interface/lib/libdynamixel_hardware_interface.so
-- Up-to-date: /home/user/ros2_ws/install/dynamixel_hardware_interface/include
-- Up-to-date: /home/user/ros2_ws/install/dynamixel_hardware_interface/include/dynamixel_hardware_interface
-- Up-to-date: /home/user/ros2_ws/install/dynamixel_hardware_interface/include/dynamixel_hardware_interface.hpp
-- Up-to-date: /home/user/ros2_ws/install/dynamixel_hardware_interface/share/dynamixel_hardware_interface//launch
-- Up-to-date: /home/user/ros2_ws/install/dynamixel_hardware_interface/share/dynamixel_hardware_interface//launch/bring_up_on_hardware.launch.py
-- Up-to-date: /home/user/ros2_ws/install/dynamixel_hardware_interface/share/dynamixel_hardware_interface//config
-- Up-to-date: /home/user/ros2_ws/install/dynamixel_hardware_interface/share/dynamixel_hardware_interface//config/controller_configuration.yaml
-- Up-to-date: /home/user/ros2_ws/install/dynamixel_hardware_interface/share/dynamixel_hardware_interface/environment/library_path.sh
-- Up-to-date: /home/user/ros2_ws/install/dynamixel_hardware_interface/share/dynamixel_hardware_interface/environment/library_path.dsv
-- Up-to-date: /home/user/ros2_ws/install/dynamixel_hardware_interface/share/ament_index/resource_index/package_run_dependencies/dynamixel_hardware_interface
-- Up-to-date: /home/user/ros2_ws/install/dynamixel_hardware_interface/share/ament_index/resource_index/parent_prefix_path/dynamixel_hardware_interface
-- Up-to-date: /home/user/ros2_ws/install/dynamixel_hardware_interface/share/dynamixel_hardware_interface/environment/ament_prefix_path.sh
-- Up-to-date: /home/user/ros2_ws/install/dynamixel_hardware_interface/share/dynamixel_hardware_interface/environment/ament_prefix_path.dsv
-- Up-to-date: /home/user/ros2_ws/install/dynamixel_hardware_interface/share/dynamixel_hardware_interface/environment/path.sh
-- Up-to-date: /home/user/ros2_ws/install/dynamixel_hardware_interface/share/dynamixel_hardware_interface/environment/path.dsv
-- Up-to-date: /home/user/ros2_ws/install/dynamixel_hardware_interface/share/dynamixel_hardware_interface/local_setup.bash
-- Up-to-date: /home/user/ros2_ws/install/dynamixel_hardware_interface/share/dynamixel_hardware_interface/local_setup.sh
-- Up-to-date: /home/user/ros2_ws/install/dynamixel_hardware_interface/share/dynamixel_hardware_interface/local_setup.zsh
-- Up-to-date: /home/user/ros2_ws/install/dynamixel_hardware_interface/share/dynamixel_hardware_interface/local_setup.dsv
-- Installing: /home/user/ros2_ws/install/dynamixel_hardware_interface/share/dynamixel_hardware_interface/package.dsv
-- Up-to-date: /home/user/ros2_ws/install/dynamixel_hardware_interface/share/ament_index/resource_index/packages/dynamixel_hardware_interface
-- Up-to-date: /home/user/ros2_ws/install/dynamixel_hardware_interface/share/ament_index/resource_index/hardware_interface__pluginlib__plugin/dynamixel_hardware_interface
-- Up-to-date: /home/user/ros2_ws/install/dynamixel_hardware_interface/share/dynamixel_hardware_interface/cmake/ament_cmake_export_include_directories-extras.cmake
-- Up-to-date: /home/user/ros2_ws/install/dynamixel_hardware_interface/share/dynamixel_hardware_interface/cmake/ament_cmake_export_libraries-extras.cmake
-- Up-to-date: /home/user/ros2_ws/install/dynamixel_hardware_interface/share/dynamixel_hardware_interface/cmake/ament_cmake_export_dependencies-extras.cmake
-- Up-to-date: /home/user/ros2_ws/install/dynamixel_hardware_interface/share/dynamixel_hardware_interface/cmake/dynamixel_hardware_interfaceConfig.cmake
-- Up-to-date: /home/user/ros2_ws/install/dynamixel_hardware_interface/share/dynamixel_hardware_interface/cmake/dynamixel_hardware_interfaceConfig-version.cmake
-- Up-to-date: /home/user/ros2_ws/install/dynamixel_hardware_interface/share/dynamixel_hardware_interface/package.xml
