[0.208s] Invoking command in '/home/user/ros2_ws/build/rrbot_controller': CMAKE_PREFIX_PATH=${CMAKE_PREFIX_PATH}:/home/user/ros2_ws/install/joint_trajectory_publisher:/home/user/ros2_ws/install/joint_trajectory_demo _=/usr/bin/env /usr/bin/cmake --build /home/user/ros2_ws/build/rrbot_controller -- -j8 -l8
[0.519s] [100%] Built target rrbot_controller
[0.609s] Invoked command in '/home/user/ros2_ws/build/rrbot_controller' returned '0': CMAKE_PREFIX_PATH=${CMAKE_PREFIX_PATH}:/home/user/ros2_ws/install/joint_trajectory_publisher:/home/user/ros2_ws/install/joint_trajectory_demo _=/usr/bin/env /usr/bin/cmake --build /home/user/ros2_ws/build/rrbot_controller -- -j8 -l8
[0.610s] Invoking command in '/home/user/ros2_ws/build/rrbot_controller': CMAKE_PREFIX_PATH=${CMAKE_PREFIX_PATH}:/home/user/ros2_ws/install/joint_trajectory_publisher:/home/user/ros2_ws/install/joint_trajectory_demo _=/usr/bin/env /usr/bin/cmake --install /home/user/ros2_ws/build/rrbot_controller
[0.685s] -- Install configuration: ""
[0.685s] -- Up-to-date: /home/user/ros2_ws/install/rrbot_controller/share/rrbot_controller/rrbot_controller.xml
[0.686s] -- Up-to-date: /home/user/ros2_ws/install/rrbot_controller/lib/librrbot_controller.so
[0.700s] -- Up-to-date: /home/user/ros2_ws/install/rrbot_controller/include
[0.701s] -- Up-to-date: /home/user/ros2_ws/install/rrbot_controller/include/rrbot_controller
[0.701s] -- Up-to-date: /home/user/ros2_ws/install/rrbot_controller/include/rrbot_controller/rrbot_controller.hpp
[0.702s] -- Up-to-date: /home/user/ros2_ws/install/rrbot_controller/share/rrbot_controller//config
[0.702s] -- Up-to-date: /home/user/ros2_ws/install/rrbot_controller/share/rrbot_controller//config/rrbot_controllers_custom.yaml
[0.702s] -- Up-to-date: /home/user/ros2_ws/install/rrbot_controller/share/rrbot_controller/environment/library_path.sh
[0.702s] -- Up-to-date: /home/user/ros2_ws/install/rrbot_controller/share/rrbot_controller/environment/library_path.dsv
[0.702s] -- Up-to-date: /home/user/ros2_ws/install/rrbot_controller/share/ament_index/resource_index/package_run_dependencies/rrbot_controller
[0.703s] -- Up-to-date: /home/user/ros2_ws/install/rrbot_controller/share/ament_index/resource_index/parent_prefix_path/rrbot_controller
[0.703s] -- Up-to-date: /home/user/ros2_ws/install/rrbot_controller/share/rrbot_controller/environment/ament_prefix_path.sh
[0.703s] -- Up-to-date: /home/user/ros2_ws/install/rrbot_controller/share/rrbot_controller/environment/ament_prefix_path.dsv
[0.703s] -- Up-to-date: /home/user/ros2_ws/install/rrbot_controller/share/rrbot_controller/environment/path.sh
[0.703s] -- Up-to-date: /home/user/ros2_ws/install/rrbot_controller/share/rrbot_controller/environment/path.dsv
[0.703s] -- Up-to-date: /home/user/ros2_ws/install/rrbot_controller/share/rrbot_controller/local_setup.bash
[0.704s] -- Up-to-date: /home/user/ros2_ws/install/rrbot_controller/share/rrbot_controller/local_setup.sh
[0.704s] -- Up-to-date: /home/user/ros2_ws/install/rrbot_controller/share/rrbot_controller/local_setup.zsh
[0.704s] -- Up-to-date: /home/user/ros2_ws/install/rrbot_controller/share/rrbot_controller/local_setup.dsv
[0.705s] -- Installing: /home/user/ros2_ws/install/rrbot_controller/share/rrbot_controller/package.dsv
[0.705s] -- Up-to-date: /home/user/ros2_ws/install/rrbot_controller/share/ament_index/resource_index/packages/rrbot_controller
[0.707s] -- Up-to-date: /home/user/ros2_ws/install/rrbot_controller/share/ament_index/resource_index/controller_interface__pluginlib__plugin/rrbot_controller
[0.710s] -- Up-to-date: /home/user/ros2_ws/install/rrbot_controller/share/rrbot_controller/cmake/ament_cmake_export_include_directories-extras.cmake
[0.710s] -- Up-to-date: /home/user/ros2_ws/install/rrbot_controller/share/rrbot_controller/cmake/ament_cmake_export_libraries-extras.cmake
[0.710s] -- Up-to-date: /home/user/ros2_ws/install/rrbot_controller/share/rrbot_controller/cmake/ament_cmake_export_dependencies-extras.cmake
[0.710s] -- Up-to-date: /home/user/ros2_ws/install/rrbot_controller/share/rrbot_controller/cmake/rrbot_controllerConfig.cmake
[0.710s] -- Up-to-date: /home/user/ros2_ws/install/rrbot_controller/share/rrbot_controller/cmake/rrbot_controllerConfig-version.cmake
[0.710s] -- Up-to-date: /home/user/ros2_ws/install/rrbot_controller/share/rrbot_controller/package.xml
[0.903s] Invoked command in '/home/user/ros2_ws/build/rrbot_controller' returned '0': CMAKE_PREFIX_PATH=${CMAKE_PREFIX_PATH}:/home/user/ros2_ws/install/joint_trajectory_publisher:/home/user/ros2_ws/install/joint_trajectory_demo _=/usr/bin/env /usr/bin/cmake --install /home/user/ros2_ws/build/rrbot_controller
