-- The C compiler identification is GNU 13.3.0
-- The CXX compiler identification is GNU 13.3.0
-- Detecting C compiler ABI info
-- Detecting C compiler ABI info - done
-- Check for working C compiler: /usr/bin/cc - skipped
-- Detecting C compile features
-- Detecting C compile features - done
-- Detecting CXX compiler ABI info
-- Detecting CXX compiler ABI info - done
-- Check for working CXX compiler: /usr/bin/c++ - skipped
-- Detecting CXX compile features
-- Detecting CXX compile features - done
-- Found ament_cmake: 2.5.4 (/opt/ros/jazzy/share/ament_cmake/cmake)
-- Found Python3: /usr/bin/python3 (found version "3.12.3") found components: Interpreter 
-- Configuring done (2.2s)
-- Generating done (0.0s)
-- Build files have been written to: /home/user/ros2_ws/build/dynamixel_workbench
-- Install configuration: ""
-- Installing: /home/user/ros2_ws/install/dynamixel_workbench/share/ament_index/resource_index/package_run_dependencies/dynamixel_workbench
-- Installing: /home/user/ros2_ws/install/dynamixel_workbench/share/ament_index/resource_index/parent_prefix_path/dynamixel_workbench
-- Installing: /home/user/ros2_ws/install/dynamixel_workbench/share/dynamixel_workbench/environment/ament_prefix_path.sh
-- Installing: /home/user/ros2_ws/install/dynamixel_workbench/share/dynamixel_workbench/environment/ament_prefix_path.dsv
-- Installing: /home/user/ros2_ws/install/dynamixel_workbench/share/dynamixel_workbench/environment/path.sh
-- Installing: /home/user/ros2_ws/install/dynamixel_workbench/share/dynamixel_workbench/environment/path.dsv
-- Installing: /home/user/ros2_ws/install/dynamixel_workbench/share/dynamixel_workbench/local_setup.bash
-- Installing: /home/user/ros2_ws/install/dynamixel_workbench/share/dynamixel_workbench/local_setup.sh
-- Installing: /home/user/ros2_ws/install/dynamixel_workbench/share/dynamixel_workbench/local_setup.zsh
-- Installing: /home/user/ros2_ws/install/dynamixel_workbench/share/dynamixel_workbench/local_setup.dsv
-- Installing: /home/user/ros2_ws/install/dynamixel_workbench/share/dynamixel_workbench/package.dsv
-- Installing: /home/user/ros2_ws/install/dynamixel_workbench/share/ament_index/resource_index/packages/dynamixel_workbench
-- Installing: /home/user/ros2_ws/install/dynamixel_workbench/share/dynamixel_workbench/cmake/dynamixel_workbenchConfig.cmake
-- Installing: /home/user/ros2_ws/install/dynamixel_workbench/share/dynamixel_workbench/cmake/dynamixel_workbenchConfig-version.cmake
-- Installing: /home/user/ros2_ws/install/dynamixel_workbench/share/dynamixel_workbench/package.xml
