[0.124s] Invoking command in '/home/user/ros2_ws/build/rrbot_unit5': CMAKE_PREFIX_PATH=${CMAKE_PREFIX_PATH}:/home/user/ros2_ws/install/joint_trajectory_publisher:/home/user/ros2_ws/install/joint_trajectory_demo _=/usr/bin/env /usr/bin/cmake --build /home/user/ros2_ws/build/rrbot_unit5 -- -j8 -l8
[0.479s] Invoked command in '/home/user/ros2_ws/build/rrbot_unit5' returned '0': CMAKE_PREFIX_PATH=${CMAKE_PREFIX_PATH}:/home/user/ros2_ws/install/joint_trajectory_publisher:/home/user/ros2_ws/install/joint_trajectory_demo _=/usr/bin/env /usr/bin/cmake --build /home/user/ros2_ws/build/rrbot_unit5 -- -j8 -l8
[0.480s] Invoking command in '/home/user/ros2_ws/build/rrbot_unit5': CMAKE_PREFIX_PATH=${CMAKE_PREFIX_PATH}:/home/user/ros2_ws/install/joint_trajectory_publisher:/home/user/ros2_ws/install/joint_trajectory_demo _=/usr/bin/env /usr/bin/cmake --install /home/user/ros2_ws/build/rrbot_unit5
[0.509s] -- Install configuration: ""
[0.515s] -- Up-to-date: /home/user/ros2_ws/install/rrbot_unit5/share/ament_index/resource_index/package_run_dependencies/rrbot_unit5
[0.516s] -- Up-to-date: /home/user/ros2_ws/install/rrbot_unit5/share/ament_index/resource_index/parent_prefix_path/rrbot_unit5
[0.517s] -- Up-to-date: /home/user/ros2_ws/install/rrbot_unit5/share/rrbot_unit5/environment/ament_prefix_path.sh
[0.518s] -- Up-to-date: /home/user/ros2_ws/install/rrbot_unit5/share/rrbot_unit5/environment/ament_prefix_path.dsv
[0.519s] -- Up-to-date: /home/user/ros2_ws/install/rrbot_unit5/share/rrbot_unit5/environment/path.sh
[0.519s] -- Up-to-date: /home/user/ros2_ws/install/rrbot_unit5/share/rrbot_unit5/environment/path.dsv
[0.520s] -- Up-to-date: /home/user/ros2_ws/install/rrbot_unit5/share/rrbot_unit5/local_setup.bash
[0.521s] -- Up-to-date: /home/user/ros2_ws/install/rrbot_unit5/share/rrbot_unit5/local_setup.sh
[0.522s] -- Up-to-date: /home/user/ros2_ws/install/rrbot_unit5/share/rrbot_unit5/local_setup.zsh
[0.522s] -- Up-to-date: /home/user/ros2_ws/install/rrbot_unit5/share/rrbot_unit5/local_setup.dsv
[0.523s] -- Up-to-date: /home/user/ros2_ws/install/rrbot_unit5/share/rrbot_unit5/package.dsv
[0.523s] -- Up-to-date: /home/user/ros2_ws/install/rrbot_unit5/share/ament_index/resource_index/packages/rrbot_unit5
[0.523s] -- Up-to-date: /home/user/ros2_ws/install/rrbot_unit5/share/rrbot_unit5/cmake/rrbot_unit5Config.cmake
[0.523s] -- Up-to-date: /home/user/ros2_ws/install/rrbot_unit5/share/rrbot_unit5/cmake/rrbot_unit5Config-version.cmake
[0.523s] -- Up-to-date: /home/user/ros2_ws/install/rrbot_unit5/share/rrbot_unit5/package.xml
[0.524s] -- Up-to-date: /home/user/ros2_ws/install/rrbot_unit5/share/rrbot_unit5/config
[0.524s] -- Up-to-date: /home/user/ros2_ws/install/rrbot_unit5/share/rrbot_unit5/config/diff_drive_controller_config.yaml
[0.524s] -- Up-to-date: /home/user/ros2_ws/install/rrbot_unit5/share/rrbot_unit5/config/effort_controller_config.yaml
[0.524s] -- Up-to-date: /home/user/ros2_ws/install/rrbot_unit5/share/rrbot_unit5/config/joint_trajectory_controller_config.yaml
[0.526s] -- Up-to-date: /home/user/ros2_ws/install/rrbot_unit5/share/rrbot_unit5/config/velocity_controller_config.yaml
[0.526s] -- Up-to-date: /home/user/ros2_ws/install/rrbot_unit5/share/rrbot_unit5/config/position_controller_config.yaml
[0.526s] -- Up-to-date: /home/user/ros2_ws/install/rrbot_unit5/share/rrbot_unit5/config/forward_command_controller_config.yaml
[0.526s] -- Up-to-date: /home/user/ros2_ws/install/rrbot_unit5/share/rrbot_unit5/urdf
[0.526s] -- Up-to-date: /home/user/ros2_ws/install/rrbot_unit5/share/rrbot_unit5/urdf/rrbot.xacro
[0.527s] -- Up-to-date: /home/user/ros2_ws/install/rrbot_unit5/share/rrbot_unit5/urdf/materials.xacro
[0.527s] -- Up-to-date: /home/user/ros2_ws/install/rrbot_unit5/share/rrbot_unit5/urdf/rrbot.gazebo
[0.527s] -- Up-to-date: /home/user/ros2_ws/install/rrbot_unit5/share/rrbot_unit5/rviz
[0.528s] -- Up-to-date: /home/user/ros2_ws/install/rrbot_unit5/share/rrbot_unit5/rviz/unit5.rviz
[0.618s] Invoked command in '/home/user/ros2_ws/build/rrbot_unit5' returned '0': CMAKE_PREFIX_PATH=${CMAKE_PREFIX_PATH}:/home/user/ros2_ws/install/joint_trajectory_publisher:/home/user/ros2_ws/install/joint_trajectory_demo _=/usr/bin/env /usr/bin/cmake --install /home/user/ros2_ws/build/rrbot_unit5
