/home/user/ros2_ws/install/joint_trajectory_demo/lib/python3.12/site-packages/joint_trajectory_demo/publisher_forward_position_controller.py
/home/user/ros2_ws/install/joint_trajectory_demo/lib/python3.12/site-packages/joint_trajectory_demo/__init__.py
/home/user/ros2_ws/install/joint_trajectory_demo/lib/python3.12/site-packages/joint_trajectory_demo/publisher_joint_trajectory_controller.py
/home/user/ros2_ws/install/joint_trajectory_demo/lib/python3.12/site-packages/joint_trajectory_demo/__pycache__/publisher_forward_position_controller.cpython-312.pyc
/home/user/ros2_ws/install/joint_trajectory_demo/lib/python3.12/site-packages/joint_trajectory_demo/__pycache__/__init__.cpython-312.pyc
/home/user/ros2_ws/install/joint_trajectory_demo/lib/python3.12/site-packages/joint_trajectory_demo/__pycache__/publisher_joint_trajectory_controller.cpython-312.pyc
/home/user/ros2_ws/install/joint_trajectory_demo/share/ament_index/resource_index/packages/joint_trajectory_demo
/home/user/ros2_ws/install/joint_trajectory_demo/share/joint_trajectory_demo/package.xml
/home/user/ros2_ws/install/joint_trajectory_demo/share/joint_trajectory_demo/test_joint_trajectory_controller.launch.py
/home/user/ros2_ws/install/joint_trajectory_demo/share/joint_trajectory_demo/joint_trajectory_publisher.launch.py
/home/user/ros2_ws/install/joint_trajectory_demo/share/joint_trajectory_demo/test_forward_position_controller.launch.py
/home/user/ros2_ws/install/joint_trajectory_demo/share/joint_trajectory_demo/config/joint_trajectory_publisher.yaml
/home/user/ros2_ws/install/joint_trajectory_demo/share/joint_trajectory_demo/config/forward_position_publisher.yaml
/home/user/ros2_ws/install/joint_trajectory_demo/lib/python3.12/site-packages/joint_trajectory_demo-0.0.1-py3.12.egg-info/PKG-INFO
/home/user/ros2_ws/install/joint_trajectory_demo/lib/python3.12/site-packages/joint_trajectory_demo-0.0.1-py3.12.egg-info/zip-safe
/home/user/ros2_ws/install/joint_trajectory_demo/lib/python3.12/site-packages/joint_trajectory_demo-0.0.1-py3.12.egg-info/top_level.txt
/home/user/ros2_ws/install/joint_trajectory_demo/lib/python3.12/site-packages/joint_trajectory_demo-0.0.1-py3.12.egg-info/requires.txt
/home/user/ros2_ws/install/joint_trajectory_demo/lib/python3.12/site-packages/joint_trajectory_demo-0.0.1-py3.12.egg-info/entry_points.txt
/home/user/ros2_ws/install/joint_trajectory_demo/lib/python3.12/site-packages/joint_trajectory_demo-0.0.1-py3.12.egg-info/SOURCES.txt
/home/user/ros2_ws/install/joint_trajectory_demo/lib/python3.12/site-packages/joint_trajectory_demo-0.0.1-py3.12.egg-info/dependency_links.txt
/home/user/ros2_ws/install/joint_trajectory_demo/lib/joint_trajectory_demo/publisher_forward_position_controller
/home/user/ros2_ws/install/joint_trajectory_demo/lib/joint_trajectory_demo/publisher_joint_trajectory_controller
