[0.809s] Invoking command in '/home/user/ros2_ws/build/my_quadruped_bringup': CMAKE_PREFIX_PATH=${CMAKE_PREFIX_PATH}:/home/user/ros2_ws/install/joint_trajectory_publisher:/home/user/ros2_ws/install/joint_trajectory_demo _=/usr/bin/env /usr/bin/cmake --build /home/user/ros2_ws/build/my_quadruped_bringup -- -j8 -l8
[1.077s] Invoked command in '/home/user/ros2_ws/build/my_quadruped_bringup' returned '0': CMAKE_PREFIX_PATH=${CMAKE_PREFIX_PATH}:/home/user/ros2_ws/install/joint_trajectory_publisher:/home/user/ros2_ws/install/joint_trajectory_demo _=/usr/bin/env /usr/bin/cmake --build /home/user/ros2_ws/build/my_quadruped_bringup -- -j8 -l8
[1.079s] Invoking command in '/home/user/ros2_ws/build/my_quadruped_bringup': CMAKE_PREFIX_PATH=${CMAKE_PREFIX_PATH}:/home/user/ros2_ws/install/joint_trajectory_publisher:/home/user/ros2_ws/install/joint_trajectory_demo _=/usr/bin/env /usr/bin/cmake --install /home/user/ros2_ws/build/my_quadruped_bringup
[1.111s] -- Install configuration: ""
[1.112s] -- Up-to-date: /home/user/ros2_ws/install/my_quadruped_bringup/share/my_quadruped_bringup//launch
[1.113s] -- Installing: /home/user/ros2_ws/install/my_quadruped_bringup/share/my_quadruped_bringup//launch/start_controllers.launch.py
[1.113s] -- Up-to-date: /home/user/ros2_ws/install/my_quadruped_bringup/share/my_quadruped_bringup//config
[1.113s] -- Up-to-date: /home/user/ros2_ws/install/my_quadruped_bringup/share/my_quadruped_bringup//config/solo8_controller_config.yaml
[1.113s] -- Up-to-date: /home/user/ros2_ws/install/my_quadruped_bringup/share/ament_index/resource_index/package_run_dependencies/my_quadruped_bringup
[1.114s] -- Up-to-date: /home/user/ros2_ws/install/my_quadruped_bringup/share/ament_index/resource_index/parent_prefix_path/my_quadruped_bringup
[1.114s] -- Up-to-date: /home/user/ros2_ws/install/my_quadruped_bringup/share/my_quadruped_bringup/environment/ament_prefix_path.sh
[1.114s] -- Up-to-date: /home/user/ros2_ws/install/my_quadruped_bringup/share/my_quadruped_bringup/environment/ament_prefix_path.dsv
[1.114s] -- Up-to-date: /home/user/ros2_ws/install/my_quadruped_bringup/share/my_quadruped_bringup/environment/path.sh
[1.114s] -- Up-to-date: /home/user/ros2_ws/install/my_quadruped_bringup/share/my_quadruped_bringup/environment/path.dsv
[1.114s] -- Up-to-date: /home/user/ros2_ws/install/my_quadruped_bringup/share/my_quadruped_bringup/local_setup.bash
[1.115s] -- Up-to-date: /home/user/ros2_ws/install/my_quadruped_bringup/share/my_quadruped_bringup/local_setup.sh
[1.115s] -- Up-to-date: /home/user/ros2_ws/install/my_quadruped_bringup/share/my_quadruped_bringup/local_setup.zsh
[1.115s] -- Up-to-date: /home/user/ros2_ws/install/my_quadruped_bringup/share/my_quadruped_bringup/local_setup.dsv
[1.115s] -- Installing: /home/user/ros2_ws/install/my_quadruped_bringup/share/my_quadruped_bringup/package.dsv
[1.115s] -- Up-to-date: /home/user/ros2_ws/install/my_quadruped_bringup/share/ament_index/resource_index/packages/my_quadruped_bringup
[1.115s] -- Up-to-date: /home/user/ros2_ws/install/my_quadruped_bringup/share/my_quadruped_bringup/cmake/my_quadruped_bringupConfig.cmake
[1.116s] -- Up-to-date: /home/user/ros2_ws/install/my_quadruped_bringup/share/my_quadruped_bringup/cmake/my_quadruped_bringupConfig-version.cmake
[1.116s] -- Up-to-date: /home/user/ros2_ws/install/my_quadruped_bringup/share/my_quadruped_bringup/package.xml
[1.217s] Invoked command in '/home/user/ros2_ws/build/my_quadruped_bringup' returned '0': CMAKE_PREFIX_PATH=${CMAKE_PREFIX_PATH}:/home/user/ros2_ws/install/joint_trajectory_publisher:/home/user/ros2_ws/install/joint_trajectory_demo _=/usr/bin/env /usr/bin/cmake --install /home/user/ros2_ws/build/my_quadruped_bringup
