[0.121s] Invoking command in '/home/user/ros2_ws/build/spawn_solo': CMAKE_PREFIX_PATH=${CMAKE_PREFIX_PATH}:/home/user/ros2_ws/install/joint_trajectory_publisher:/home/user/ros2_ws/install/joint_trajectory_demo _=/usr/bin/env /usr/bin/cmake --build /home/user/ros2_ws/build/spawn_solo -- -j8 -l8
[0.366s] Invoked command in '/home/user/ros2_ws/build/spawn_solo' returned '0': CMAKE_PREFIX_PATH=${CMAKE_PREFIX_PATH}:/home/user/ros2_ws/install/joint_trajectory_publisher:/home/user/ros2_ws/install/joint_trajectory_demo _=/usr/bin/env /usr/bin/cmake --build /home/user/ros2_ws/build/spawn_solo -- -j8 -l8
[0.379s] Invoking command in '/home/user/ros2_ws/build/spawn_solo': CMAKE_PREFIX_PATH=${CMAKE_PREFIX_PATH}:/home/user/ros2_ws/install/joint_trajectory_publisher:/home/user/ros2_ws/install/joint_trajectory_demo _=/usr/bin/env /usr/bin/cmake --install /home/user/ros2_ws/build/spawn_solo
[0.393s] -- Install configuration: ""
[0.394s] -- Up-to-date: /home/user/ros2_ws/install/spawn_solo/share/spawn_solo/launch
[0.394s] -- Up-to-date: /home/user/ros2_ws/install/spawn_solo/share/spawn_solo/launch/spawn_solo.launch.py
[0.394s] -- Up-to-date: /home/user/ros2_ws/install/spawn_solo/share/spawn_solo/launch/spawn_entity_client.py
[0.394s] -- Up-to-date: /home/user/ros2_ws/install/spawn_solo/share/spawn_solo/worlds
[0.394s] -- Up-to-date: /home/user/ros2_ws/install/spawn_solo/share/spawn_solo/worlds/empty.world
[0.394s] -- Up-to-date: /home/user/ros2_ws/install/spawn_solo/lib/spawn_solo/spawn_entity_client.py
[0.395s] -- Up-to-date: /home/user/ros2_ws/install/spawn_solo/share/spawn_solo/environment/spawn_solo.dsv
[0.395s] -- Up-to-date: /home/user/ros2_ws/install/spawn_solo/share/ament_index/resource_index/package_run_dependencies/spawn_solo
[0.395s] -- Up-to-date: /home/user/ros2_ws/install/spawn_solo/share/ament_index/resource_index/parent_prefix_path/spawn_solo
[0.395s] -- Up-to-date: /home/user/ros2_ws/install/spawn_solo/share/spawn_solo/environment/ament_prefix_path.sh
[0.395s] -- Up-to-date: /home/user/ros2_ws/install/spawn_solo/share/spawn_solo/environment/ament_prefix_path.dsv
[0.395s] -- Up-to-date: /home/user/ros2_ws/install/spawn_solo/share/spawn_solo/environment/path.sh
[0.395s] -- Up-to-date: /home/user/ros2_ws/install/spawn_solo/share/spawn_solo/environment/path.dsv
[0.395s] -- Up-to-date: /home/user/ros2_ws/install/spawn_solo/share/spawn_solo/local_setup.bash
[0.396s] -- Up-to-date: /home/user/ros2_ws/install/spawn_solo/share/spawn_solo/local_setup.sh
[0.396s] -- Up-to-date: /home/user/ros2_ws/install/spawn_solo/share/spawn_solo/local_setup.zsh
[0.396s] -- Up-to-date: /home/user/ros2_ws/install/spawn_solo/share/spawn_solo/local_setup.dsv
[0.396s] -- Installing: /home/user/ros2_ws/install/spawn_solo/share/spawn_solo/package.dsv
[0.396s] -- Up-to-date: /home/user/ros2_ws/install/spawn_solo/share/ament_index/resource_index/packages/spawn_solo
[0.396s] -- Up-to-date: /home/user/ros2_ws/install/spawn_solo/share/spawn_solo/cmake/spawn_soloConfig.cmake
[0.396s] -- Up-to-date: /home/user/ros2_ws/install/spawn_solo/share/spawn_solo/cmake/spawn_soloConfig-version.cmake
[0.397s] -- Up-to-date: /home/user/ros2_ws/install/spawn_solo/share/spawn_solo/package.xml
[0.414s] Invoked command in '/home/user/ros2_ws/build/spawn_solo' returned '0': CMAKE_PREFIX_PATH=${CMAKE_PREFIX_PATH}:/home/user/ros2_ws/install/joint_trajectory_publisher:/home/user/ros2_ws/install/joint_trajectory_demo _=/usr/bin/env /usr/bin/cmake --install /home/user/ros2_ws/build/spawn_solo
