[0.088s] Invoking command in '/home/user/ros2_ws/build/diffbot_sim': CMAKE_PREFIX_PATH=${CMAKE_PREFIX_PATH}:/home/user/ros2_ws/install/joint_trajectory_publisher:/home/user/ros2_ws/install/joint_trajectory_demo _=/usr/bin/env /usr/bin/cmake --build /home/user/ros2_ws/build/diffbot_sim -- -j8 -l8
[0.907s] Invoked command in '/home/user/ros2_ws/build/diffbot_sim' returned '0': CMAKE_PREFIX_PATH=${CMAKE_PREFIX_PATH}:/home/user/ros2_ws/install/joint_trajectory_publisher:/home/user/ros2_ws/install/joint_trajectory_demo _=/usr/bin/env /usr/bin/cmake --build /home/user/ros2_ws/build/diffbot_sim -- -j8 -l8
[0.909s] Invoking command in '/home/user/ros2_ws/build/diffbot_sim': CMAKE_PREFIX_PATH=${CMAKE_PREFIX_PATH}:/home/user/ros2_ws/install/joint_trajectory_publisher:/home/user/ros2_ws/install/joint_trajectory_demo _=/usr/bin/env /usr/bin/cmake --install /home/user/ros2_ws/build/diffbot_sim
[0.958s] -- Install configuration: ""
[0.958s] -- Up-to-date: /home/user/ros2_ws/install/diffbot_sim/share/diffbot_sim/launch
[0.958s] -- Up-to-date: /home/user/ros2_ws/install/diffbot_sim/share/diffbot_sim/launch/diffbot_controllers.launch.py
[0.958s] -- Up-to-date: /home/user/ros2_ws/install/diffbot_sim/share/diffbot_sim/launch/diffbot_spawn.launch.py
[0.959s] -- Up-to-date: /home/user/ros2_ws/install/diffbot_sim/share/ament_index/resource_index/package_run_dependencies/diffbot_sim
[0.959s] -- Up-to-date: /home/user/ros2_ws/install/diffbot_sim/share/ament_index/resource_index/parent_prefix_path/diffbot_sim
[0.959s] -- Up-to-date: /home/user/ros2_ws/install/diffbot_sim/share/diffbot_sim/environment/ament_prefix_path.sh
[0.959s] -- Up-to-date: /home/user/ros2_ws/install/diffbot_sim/share/diffbot_sim/environment/ament_prefix_path.dsv
[0.959s] -- Up-to-date: /home/user/ros2_ws/install/diffbot_sim/share/diffbot_sim/environment/path.sh
[0.960s] -- Up-to-date: /home/user/ros2_ws/install/diffbot_sim/share/diffbot_sim/environment/path.dsv
[0.960s] -- Up-to-date: /home/user/ros2_ws/install/diffbot_sim/share/diffbot_sim/local_setup.bash
[0.960s] -- Up-to-date: /home/user/ros2_ws/install/diffbot_sim/share/diffbot_sim/local_setup.sh
[0.960s] -- Up-to-date: /home/user/ros2_ws/install/diffbot_sim/share/diffbot_sim/local_setup.zsh
[0.960s] -- Up-to-date: /home/user/ros2_ws/install/diffbot_sim/share/diffbot_sim/local_setup.dsv
[0.960s] -- Installing: /home/user/ros2_ws/install/diffbot_sim/share/diffbot_sim/package.dsv
[0.962s] -- Up-to-date: /home/user/ros2_ws/install/diffbot_sim/share/ament_index/resource_index/packages/diffbot_sim
[0.962s] -- Up-to-date: /home/user/ros2_ws/install/diffbot_sim/share/diffbot_sim/cmake/diffbot_simConfig.cmake
[0.962s] -- Up-to-date: /home/user/ros2_ws/install/diffbot_sim/share/diffbot_sim/cmake/diffbot_simConfig-version.cmake
[0.962s] -- Up-to-date: /home/user/ros2_ws/install/diffbot_sim/share/diffbot_sim/package.xml
[1.106s] Invoked command in '/home/user/ros2_ws/build/diffbot_sim' returned '0': CMAKE_PREFIX_PATH=${CMAKE_PREFIX_PATH}:/home/user/ros2_ws/install/joint_trajectory_publisher:/home/user/ros2_ws/install/joint_trajectory_demo _=/usr/bin/env /usr/bin/cmake --install /home/user/ros2_ws/build/diffbot_sim
