[0.591s] Invoking command in '/home/user/ros2_ws/build/my_quadruped_bringup': _=/usr/bin/env /usr/bin/cmake /home/user/ros2_ws/src/my_quadruped_bringup -DCMAKE_INSTALL_PREFIX=/home/user/ros2_ws/install/my_quadruped_bringup
[0.675s] -- The C compiler identification is GNU 13.3.0
[0.757s] -- The CXX compiler identification is GNU 13.3.0
[0.780s] -- Detecting C compiler ABI info
[0.925s] -- Detecting C compiler ABI info - done
[0.947s] -- Check for working C compiler: /usr/bin/cc - skipped
[0.948s] -- Detecting C compile features
[0.949s] -- Detecting C compile features - done
[0.964s] -- Detecting CXX compiler ABI info
[1.137s] -- Detecting CXX compiler ABI info - done
[1.156s] -- Check for working CXX compiler: /usr/bin/c++ - skipped
[1.157s] -- Detecting CXX compile features
[1.158s] -- Detecting CXX compile features - done
[1.168s] -- Found ament_cmake: 2.5.4 (/opt/ros/jazzy/share/ament_cmake/cmake)
[1.515s] -- Found Python3: /usr/bin/python3 (found version "3.12.3") found components: Interpreter 
[1.836s] -- Found urdf: 2.10.0 (/opt/ros/jazzy/share/urdf/cmake)
[2.017s] -- Found TinyXML2 via Config file: /usr/lib/x86_64-linux-gnu/cmake/tinyxml2
[2.059s] -- Found xacro: 2.1.1 (/opt/ros/jazzy/share/xacro/cmake)
[2.071s] -- Found robot_state_publisher: 3.3.3 (/opt/ros/jazzy/share/robot_state_publisher/cmake)
[2.175s] -- Found rosidl_generator_c: 4.6.6 (/opt/ros/jazzy/share/rosidl_generator_c/cmake)
[2.217s] -- Found rosidl_generator_cpp: 4.6.6 (/opt/ros/jazzy/share/rosidl_generator_cpp/cmake)
[2.265s] -- Using all available rosidl_typesupport_c: rosidl_typesupport_fastrtps_c;rosidl_typesupport_introspection_c
[2.302s] -- Using all available rosidl_typesupport_cpp: rosidl_typesupport_fastrtps_cpp;rosidl_typesupport_introspection_cpp
[2.546s] -- Found rmw_implementation_cmake: 7.3.2 (/opt/ros/jazzy/share/rmw_implementation_cmake/cmake)
[2.555s] -- Found rmw_fastrtps_cpp: 8.4.3 (/opt/ros/jazzy/share/rmw_fastrtps_cpp/cmake)
[2.623s] -- Found TinyXML2 via Config file: /usr/lib/x86_64-linux-gnu/cmake/tinyxml2
[2.726s] -- Found OpenSSL: /usr/lib/x86_64-linux-gnu/libcrypto.so (found version "3.0.13")  
[2.729s] -- Found TinyXML2 via Config file: /usr/lib/x86_64-linux-gnu/cmake/tinyxml2
[2.762s] -- Found FastRTPS: /opt/ros/jazzy/include (Required is at least version "2.13") 
[2.766s] -- Found TinyXML2 via Config file: /usr/lib/x86_64-linux-gnu/cmake/tinyxml2
[2.778s] -- Found TinyXML2 via Config file: /usr/lib/x86_64-linux-gnu/cmake/tinyxml2
[2.794s] -- Using RMW implementation 'rmw_fastrtps_cpp' as default
[3.398s] -- Found ament_lint_auto: 0.17.3 (/opt/ros/jazzy/share/ament_lint_auto/cmake)
[3.594s] -- Added test 'flake8' to check Python code syntax and style conventions
[3.594s] -- Configured 'flake8' exclude dirs and/or files: 
[3.596s] -- Added test 'lint_cmake' to check CMake code style
[3.597s] -- Added test 'pep257' to check Python code against some of the docstring style conventions in PEP 257
[3.600s] -- Added test 'xmllint' to check XML markup files
[3.604s] -- Configuring done (3.0s)
[3.615s] -- Generating done (0.0s)
[3.619s] -- Build files have been written to: /home/user/ros2_ws/build/my_quadruped_bringup
[3.640s] Invoked command in '/home/user/ros2_ws/build/my_quadruped_bringup' returned '0': _=/usr/bin/env /usr/bin/cmake /home/user/ros2_ws/src/my_quadruped_bringup -DCMAKE_INSTALL_PREFIX=/home/user/ros2_ws/install/my_quadruped_bringup
[3.641s] Invoking command in '/home/user/ros2_ws/build/my_quadruped_bringup': _=/usr/bin/env /usr/bin/cmake --build /home/user/ros2_ws/build/my_quadruped_bringup -- -j8 -l8
[3.856s] Invoked command in '/home/user/ros2_ws/build/my_quadruped_bringup' returned '0': _=/usr/bin/env /usr/bin/cmake --build /home/user/ros2_ws/build/my_quadruped_bringup -- -j8 -l8
[3.856s] Invoking command in '/home/user/ros2_ws/build/my_quadruped_bringup': _=/usr/bin/env /usr/bin/cmake --install /home/user/ros2_ws/build/my_quadruped_bringup
[3.924s] -- Install configuration: ""
[3.924s] -- Installing: /home/user/ros2_ws/install/my_quadruped_bringup/share/my_quadruped_bringup//launch
[3.924s] -- Installing: /home/user/ros2_ws/install/my_quadruped_bringup/share/my_quadruped_bringup//launch/start_controllers.launch.py
[3.924s] -- Installing: /home/user/ros2_ws/install/my_quadruped_bringup/share/my_quadruped_bringup//config
[3.925s] -- Installing: /home/user/ros2_ws/install/my_quadruped_bringup/share/my_quadruped_bringup//config/solo8_controller_config.yaml
[3.925s] -- Installing: /home/user/ros2_ws/install/my_quadruped_bringup/share/ament_index/resource_index/package_run_dependencies/my_quadruped_bringup
[3.929s] -- Installing: /home/user/ros2_ws/install/my_quadruped_bringup/share/ament_index/resource_index/parent_prefix_path/my_quadruped_bringup
[3.929s] -- Installing: /home/user/ros2_ws/install/my_quadruped_bringup/share/my_quadruped_bringup/environment/ament_prefix_path.sh
[3.930s] -- Installing: /home/user/ros2_ws/install/my_quadruped_bringup/share/my_quadruped_bringup/environment/ament_prefix_path.dsv
[3.930s] -- Installing: /home/user/ros2_ws/install/my_quadruped_bringup/share/my_quadruped_bringup/environment/path.sh
[3.930s] -- Installing: /home/user/ros2_ws/install/my_quadruped_bringup/share/my_quadruped_bringup/environment/path.dsv
[3.931s] -- Installing: /home/user/ros2_ws/install/my_quadruped_bringup/share/my_quadruped_bringup/local_setup.bash
[3.931s] -- Installing: /home/user/ros2_ws/install/my_quadruped_bringup/share/my_quadruped_bringup/local_setup.sh
[3.932s] -- Installing: /home/user/ros2_ws/install/my_quadruped_bringup/share/my_quadruped_bringup/local_setup.zsh
[3.933s] -- Installing: /home/user/ros2_ws/install/my_quadruped_bringup/share/my_quadruped_bringup/local_setup.dsv
[3.933s] -- Installing: /home/user/ros2_ws/install/my_quadruped_bringup/share/my_quadruped_bringup/package.dsv
[3.934s] -- Installing: /home/user/ros2_ws/install/my_quadruped_bringup/share/ament_index/resource_index/packages/my_quadruped_bringup
[3.935s] -- Installing: /home/user/ros2_ws/install/my_quadruped_bringup/share/my_quadruped_bringup/cmake/my_quadruped_bringupConfig.cmake
[3.935s] -- Installing: /home/user/ros2_ws/install/my_quadruped_bringup/share/my_quadruped_bringup/cmake/my_quadruped_bringupConfig-version.cmake
[3.936s] -- Installing: /home/user/ros2_ws/install/my_quadruped_bringup/share/my_quadruped_bringup/package.xml
[3.955s] Invoked command in '/home/user/ros2_ws/build/my_quadruped_bringup' returned '0': _=/usr/bin/env /usr/bin/cmake --install /home/user/ros2_ws/build/my_quadruped_bringup
