[0.142s] Invoking command in '/home/user/ros2_ws/build/rrbot_unit3': CMAKE_PREFIX_PATH=${CMAKE_PREFIX_PATH}:/home/user/ros2_ws/install/joint_trajectory_publisher:/home/user/ros2_ws/install/joint_trajectory_demo _=/usr/bin/env /usr/bin/cmake --build /home/user/ros2_ws/build/rrbot_unit3 -- -j8 -l8
[0.421s] Invoked command in '/home/user/ros2_ws/build/rrbot_unit3' returned '0': CMAKE_PREFIX_PATH=${CMAKE_PREFIX_PATH}:/home/user/ros2_ws/install/joint_trajectory_publisher:/home/user/ros2_ws/install/joint_trajectory_demo _=/usr/bin/env /usr/bin/cmake --build /home/user/ros2_ws/build/rrbot_unit3 -- -j8 -l8
[0.423s] Invoking command in '/home/user/ros2_ws/build/rrbot_unit3': CMAKE_PREFIX_PATH=${CMAKE_PREFIX_PATH}:/home/user/ros2_ws/install/joint_trajectory_publisher:/home/user/ros2_ws/install/joint_trajectory_demo _=/usr/bin/env /usr/bin/cmake --install /home/user/ros2_ws/build/rrbot_unit3
[0.472s] -- Install configuration: ""
[0.472s] -- Up-to-date: /home/user/ros2_ws/install/rrbot_unit3/share/ament_index/resource_index/package_run_dependencies/rrbot_unit3
[0.473s] -- Up-to-date: /home/user/ros2_ws/install/rrbot_unit3/share/ament_index/resource_index/parent_prefix_path/rrbot_unit3
[0.473s] -- Up-to-date: /home/user/ros2_ws/install/rrbot_unit3/share/rrbot_unit3/environment/ament_prefix_path.sh
[0.473s] -- Up-to-date: /home/user/ros2_ws/install/rrbot_unit3/share/rrbot_unit3/environment/ament_prefix_path.dsv
[0.473s] -- Up-to-date: /home/user/ros2_ws/install/rrbot_unit3/share/rrbot_unit3/environment/path.sh
[0.473s] -- Up-to-date: /home/user/ros2_ws/install/rrbot_unit3/share/rrbot_unit3/environment/path.dsv
[0.474s] -- Up-to-date: /home/user/ros2_ws/install/rrbot_unit3/share/rrbot_unit3/local_setup.bash
[0.474s] -- Up-to-date: /home/user/ros2_ws/install/rrbot_unit3/share/rrbot_unit3/local_setup.sh
[0.474s] -- Up-to-date: /home/user/ros2_ws/install/rrbot_unit3/share/rrbot_unit3/local_setup.zsh
[0.474s] -- Up-to-date: /home/user/ros2_ws/install/rrbot_unit3/share/rrbot_unit3/local_setup.dsv
[0.474s] -- Up-to-date: /home/user/ros2_ws/install/rrbot_unit3/share/rrbot_unit3/package.dsv
[0.474s] -- Up-to-date: /home/user/ros2_ws/install/rrbot_unit3/share/ament_index/resource_index/packages/rrbot_unit3
[0.474s] -- Up-to-date: /home/user/ros2_ws/install/rrbot_unit3/share/rrbot_unit3/cmake/rrbot_unit3Config.cmake
[0.475s] -- Up-to-date: /home/user/ros2_ws/install/rrbot_unit3/share/rrbot_unit3/cmake/rrbot_unit3Config-version.cmake
[0.475s] -- Up-to-date: /home/user/ros2_ws/install/rrbot_unit3/share/rrbot_unit3/package.xml
[0.476s] -- Up-to-date: /home/user/ros2_ws/install/rrbot_unit3/share/rrbot_unit3/urdf
[0.476s] -- Up-to-date: /home/user/ros2_ws/install/rrbot_unit3/share/rrbot_unit3/urdf/rrbot.xacro
[0.476s] -- Up-to-date: /home/user/ros2_ws/install/rrbot_unit3/share/rrbot_unit3/urdf/materials.xacro
[0.477s] -- Up-to-date: /home/user/ros2_ws/install/rrbot_unit3/share/rrbot_unit3/urdf/rrbot.gazebo
[0.477s] -- Up-to-date: /home/user/ros2_ws/install/rrbot_unit3/share/rrbot_unit3/rviz
[0.478s] -- Up-to-date: /home/user/ros2_ws/install/rrbot_unit3/share/rrbot_unit3/rviz/unit3.rviz
[0.566s] Invoked command in '/home/user/ros2_ws/build/rrbot_unit3' returned '0': CMAKE_PREFIX_PATH=${CMAKE_PREFIX_PATH}:/home/user/ros2_ws/install/joint_trajectory_publisher:/home/user/ros2_ws/install/joint_trajectory_demo _=/usr/bin/env /usr/bin/cmake --install /home/user/ros2_ws/build/rrbot_unit3
