-- Install configuration: ""
-- Up-to-date: /home/user/ros2_ws/install/diffbot_description/share/diffbot_description/robots
-- Up-to-date: /home/user/ros2_ws/install/diffbot_description/share/diffbot_description/robots/diffbot_description.urdf.xacro
-- Up-to-date: /home/user/ros2_ws/install/diffbot_description/share/diffbot_description/robots/diffbot.ros2_control.xacro
-- Up-to-date: /home/user/ros2_ws/install/diffbot_description/share/diffbot_description/robots/diffbot.gazebo.xacro
-- Up-to-date: /home/user/ros2_ws/install/diffbot_description/share/diffbot_description/robots/materials.xacro
-- Up-to-date: /home/user/ros2_ws/install/diffbot_description/share/diffbot_description/robots/diffbot.urdf.xacro
-- Up-to-date: /home/user/ros2_ws/install/diffbot_description/share/diffbot_description/config
-- Up-to-date: /home/user/ros2_ws/install/diffbot_description/share/diffbot_description/config/diffbot_config.rviz
-- Up-to-date: /home/user/ros2_ws/install/diffbot_description/share/diffbot_description/launch
-- Up-to-date: /home/user/ros2_ws/install/diffbot_description/share/diffbot_description/launch/diffbot_description.launch.py
-- Up-to-date: /home/user/ros2_ws/install/diffbot_description/share/ament_index/resource_index/package_run_dependencies/diffbot_description
-- Up-to-date: /home/user/ros2_ws/install/diffbot_description/share/ament_index/resource_index/parent_prefix_path/diffbot_description
-- Up-to-date: /home/user/ros2_ws/install/diffbot_description/share/diffbot_description/environment/ament_prefix_path.sh
-- Up-to-date: /home/user/ros2_ws/install/diffbot_description/share/diffbot_description/environment/ament_prefix_path.dsv
-- Up-to-date: /home/user/ros2_ws/install/diffbot_description/share/diffbot_description/environment/path.sh
-- Up-to-date: /home/user/ros2_ws/install/diffbot_description/share/diffbot_description/environment/path.dsv
-- Up-to-date: /home/user/ros2_ws/install/diffbot_description/share/diffbot_description/local_setup.bash
-- Up-to-date: /home/user/ros2_ws/install/diffbot_description/share/diffbot_description/local_setup.sh
-- Up-to-date: /home/user/ros2_ws/install/diffbot_description/share/diffbot_description/local_setup.zsh
-- Up-to-date: /home/user/ros2_ws/install/diffbot_description/share/diffbot_description/local_setup.dsv
-- Up-to-date: /home/user/ros2_ws/install/diffbot_description/share/diffbot_description/package.dsv
-- Up-to-date: /home/user/ros2_ws/install/diffbot_description/share/ament_index/resource_index/packages/diffbot_description
-- Up-to-date: /home/user/ros2_ws/install/diffbot_description/share/diffbot_description/cmake/diffbot_descriptionConfig.cmake
-- Up-to-date: /home/user/ros2_ws/install/diffbot_description/share/diffbot_description/cmake/diffbot_descriptionConfig-version.cmake
-- Up-to-date: /home/user/ros2_ws/install/diffbot_description/share/diffbot_description/package.xml
