-- Install configuration: ""
-- Up-to-date: /home/user/ros2_ws/install/my_quadruped_bringup/share/my_quadruped_bringup//launch
-- Up-to-date: /home/user/ros2_ws/install/my_quadruped_bringup/share/my_quadruped_bringup//launch/start_controllers.launch.py
-- Up-to-date: /home/user/ros2_ws/install/my_quadruped_bringup/share/my_quadruped_bringup//config
-- Up-to-date: /home/user/ros2_ws/install/my_quadruped_bringup/share/my_quadruped_bringup//config/solo8_controller_config.yaml
-- Up-to-date: /home/user/ros2_ws/install/my_quadruped_bringup/share/ament_index/resource_index/package_run_dependencies/my_quadruped_bringup
-- Up-to-date: /home/user/ros2_ws/install/my_quadruped_bringup/share/ament_index/resource_index/parent_prefix_path/my_quadruped_bringup
-- Up-to-date: /home/user/ros2_ws/install/my_quadruped_bringup/share/my_quadruped_bringup/environment/ament_prefix_path.sh
-- Up-to-date: /home/user/ros2_ws/install/my_quadruped_bringup/share/my_quadruped_bringup/environment/ament_prefix_path.dsv
-- Up-to-date: /home/user/ros2_ws/install/my_quadruped_bringup/share/my_quadruped_bringup/environment/path.sh
-- Up-to-date: /home/user/ros2_ws/install/my_quadruped_bringup/share/my_quadruped_bringup/environment/path.dsv
-- Up-to-date: /home/user/ros2_ws/install/my_quadruped_bringup/share/my_quadruped_bringup/local_setup.bash
-- Up-to-date: /home/user/ros2_ws/install/my_quadruped_bringup/share/my_quadruped_bringup/local_setup.sh
-- Up-to-date: /home/user/ros2_ws/install/my_quadruped_bringup/share/my_quadruped_bringup/local_setup.zsh
-- Up-to-date: /home/user/ros2_ws/install/my_quadruped_bringup/share/my_quadruped_bringup/local_setup.dsv
-- Installing: /home/user/ros2_ws/install/my_quadruped_bringup/share/my_quadruped_bringup/package.dsv
-- Up-to-date: /home/user/ros2_ws/install/my_quadruped_bringup/share/ament_index/resource_index/packages/my_quadruped_bringup
-- Up-to-date: /home/user/ros2_ws/install/my_quadruped_bringup/share/my_quadruped_bringup/cmake/my_quadruped_bringupConfig.cmake
-- Up-to-date: /home/user/ros2_ws/install/my_quadruped_bringup/share/my_quadruped_bringup/cmake/my_quadruped_bringupConfig-version.cmake
-- Up-to-date: /home/user/ros2_ws/install/my_quadruped_bringup/share/my_quadruped_bringup/package.xml
