[0.285s] Invoking command in '/home/user/ros2_ws/build/solo_description': CMAKE_PREFIX_PATH=${CMAKE_PREFIX_PATH}:/home/user/ros2_ws/install/joint_trajectory_publisher:/home/user/ros2_ws/install/joint_trajectory_demo _=/usr/bin/env /usr/bin/cmake --build /home/user/ros2_ws/build/solo_description -- -j8 -l8
[0.571s] Invoked command in '/home/user/ros2_ws/build/solo_description' returned '0': CMAKE_PREFIX_PATH=${CMAKE_PREFIX_PATH}:/home/user/ros2_ws/install/joint_trajectory_publisher:/home/user/ros2_ws/install/joint_trajectory_demo _=/usr/bin/env /usr/bin/cmake --build /home/user/ros2_ws/build/solo_description -- -j8 -l8
[0.571s] Invoking command in '/home/user/ros2_ws/build/solo_description': CMAKE_PREFIX_PATH=${CMAKE_PREFIX_PATH}:/home/user/ros2_ws/install/joint_trajectory_publisher:/home/user/ros2_ws/install/joint_trajectory_demo _=/usr/bin/env /usr/bin/cmake --install /home/user/ros2_ws/build/solo_description
[0.603s] -- Install configuration: ""
[0.603s] -- Up-to-date: /home/user/ros2_ws/install/solo_description/share/ament_index/resource_index/package_run_dependencies/solo_description
[0.604s] -- Up-to-date: /home/user/ros2_ws/install/solo_description/share/ament_index/resource_index/parent_prefix_path/solo_description
[0.604s] -- Up-to-date: /home/user/ros2_ws/install/solo_description/share/solo_description/environment/ament_prefix_path.sh
[0.604s] -- Up-to-date: /home/user/ros2_ws/install/solo_description/share/solo_description/environment/ament_prefix_path.dsv
[0.605s] -- Up-to-date: /home/user/ros2_ws/install/solo_description/share/solo_description/environment/path.sh
[0.607s] -- Up-to-date: /home/user/ros2_ws/install/solo_description/share/solo_description/environment/path.dsv
[0.607s] -- Up-to-date: /home/user/ros2_ws/install/solo_description/share/solo_description/local_setup.bash
[0.607s] -- Up-to-date: /home/user/ros2_ws/install/solo_description/share/solo_description/local_setup.sh
[0.608s] -- Up-to-date: /home/user/ros2_ws/install/solo_description/share/solo_description/local_setup.zsh
[0.608s] -- Up-to-date: /home/user/ros2_ws/install/solo_description/share/solo_description/local_setup.dsv
[0.608s] -- Up-to-date: /home/user/ros2_ws/install/solo_description/share/solo_description/package.dsv
[0.608s] -- Up-to-date: /home/user/ros2_ws/install/solo_description/share/ament_index/resource_index/packages/solo_description
[0.608s] -- Up-to-date: /home/user/ros2_ws/install/solo_description/share/solo_description/cmake/solo_descriptionConfig.cmake
[0.608s] -- Up-to-date: /home/user/ros2_ws/install/solo_description/share/solo_description/cmake/solo_descriptionConfig-version.cmake
[0.608s] -- Up-to-date: /home/user/ros2_ws/install/solo_description/share/solo_description/package.xml
[0.608s] -- Up-to-date: /home/user/ros2_ws/install/solo_description/share/solo_description/description
[0.608s] -- Up-to-date: /home/user/ros2_ws/install/solo_description/share/solo_description/description/solo
[0.609s] -- Installing: /home/user/ros2_ws/install/solo_description/share/solo_description/description/solo/leg.xacro
[0.629s] -- Up-to-date: /home/user/ros2_ws/install/solo_description/share/solo_description/description/solo/meshes
[0.629s] -- Up-to-date: /home/user/ros2_ws/install/solo_description/share/solo_description/description/solo/meshes/hokuyo.dae
[0.629s] -- Up-to-date: /home/user/ros2_ws/install/solo_description/share/solo_description/description/solo/meshes/stl
[0.629s] -- Up-to-date: /home/user/ros2_ws/install/solo_description/share/solo_description/description/solo/meshes/stl/without_foot
[0.629s] -- Up-to-date: /home/user/ros2_ws/install/solo_description/share/solo_description/description/solo/meshes/stl/without_foot/solo_upper_leg_right_side.stl
[0.629s] -- Up-to-date: /home/user/ros2_ws/install/solo_description/share/solo_description/description/solo/meshes/stl/without_foot/solo_lower_leg_left_side.stl
[0.630s] -- Up-to-date: /home/user/ros2_ws/install/solo_description/share/solo_description/description/solo/meshes/stl/without_foot/solo_upper_leg_left_side.stl
[0.630s] -- Up-to-date: /home/user/ros2_ws/install/solo_description/share/solo_description/description/solo/meshes/stl/without_foot/solo_body.stl
[0.630s] -- Up-to-date: /home/user/ros2_ws/install/solo_description/share/solo_description/description/solo/meshes/stl/without_foot/solo_lower_leg_right_side.stl
[0.630s] -- Up-to-date: /home/user/ros2_ws/install/solo_description/share/solo_description/description/solo/meshes/stl/with_foot
[0.630s] -- Up-to-date: /home/user/ros2_ws/install/solo_description/share/solo_description/description/solo/meshes/stl/with_foot/solo_upper_leg_right_side.stl
[0.630s] -- Up-to-date: /home/user/ros2_ws/install/solo_description/share/solo_description/description/solo/meshes/stl/with_foot/solo_lower_leg_left_side.stl
[0.630s] -- Up-to-date: /home/user/ros2_ws/install/solo_description/share/solo_description/description/solo/meshes/stl/with_foot/solo_foot.stl
[0.630s] -- Up-to-date: /home/user/ros2_ws/install/solo_description/share/solo_description/description/solo/meshes/stl/with_foot/solo_upper_leg_left_side.stl
[0.630s] -- Up-to-date: /home/user/ros2_ws/install/solo_description/share/solo_description/description/solo/meshes/stl/with_foot/solo_body.stl
[0.631s] -- Up-to-date: /home/user/ros2_ws/install/solo_description/share/solo_description/description/solo/meshes/stl/with_foot/solo_lower_leg_right_side.stl
[0.631s] -- Up-to-date: /home/user/ros2_ws/install/solo_description/share/solo_description/description/solo/meshes/stl/solo12
[0.631s] -- Up-to-date: /home/user/ros2_ws/install/solo_description/share/solo_description/description/solo/meshes/stl/solo12/solo12_lower_leg_left_side.stl
[0.631s] -- Up-to-date: /home/user/ros2_ws/install/solo_description/share/solo_description/description/solo/meshes/stl/solo12/solo12_lower_leg_right_side.stl
[0.631s] -- Up-to-date: /home/user/ros2_ws/install/solo_description/share/solo_description/description/solo/meshes/stl/solo12/solo12_hip_fe_fr.stl
[0.631s] -- Up-to-date: /home/user/ros2_ws/install/solo_description/share/solo_description/description/solo/meshes/stl/solo12/solo12_hip_fe_hl.stl
[0.631s] -- Up-to-date: /home/user/ros2_ws/install/solo_description/share/solo_description/description/solo/meshes/stl/solo12/solo12_upper_leg_right_side.stl
[0.631s] -- Up-to-date: /home/user/ros2_ws/install/solo_description/share/solo_description/description/solo/meshes/stl/solo12/solo_12_base.stl
[0.631s] -- Up-to-date: /home/user/ros2_ws/install/solo_description/share/solo_description/description/solo/meshes/stl/solo12/solo12_hip_fe_fl.stl
[0.632s] -- Up-to-date: /home/user/ros2_ws/install/solo_description/share/solo_description/description/solo/meshes/stl/solo12/solo12_hip_fe_hr.stl
[0.632s] -- Up-to-date: /home/user/ros2_ws/install/solo_description/share/solo_description/description/solo/meshes/stl/solo12/solo12_upper_leg_left_side.stl
[0.632s] -- Installing: /home/user/ros2_ws/install/solo_description/share/solo_description/description/solo/solo_system_quadruped.ros2_control.xacro
[0.632s] -- Up-to-date: /home/user/ros2_ws/install/solo_description/share/solo_description/description/solo/solo_quadruped.urdf.xacro
[0.632s] -- Up-to-date: /home/user/ros2_ws/install/solo_description/share/solo_description/description/odri_solo_quadruped.urdf.xacro
[0.632s] -- Up-to-date: /home/user/ros2_ws/install/solo_description/share/solo_description/rviz
[0.632s] -- Up-to-date: /home/user/ros2_ws/install/solo_description/share/solo_description/rviz/odri_solo_quadruped.rviz
[0.826s] Invoked command in '/home/user/ros2_ws/build/solo_description' returned '0': CMAKE_PREFIX_PATH=${CMAKE_PREFIX_PATH}:/home/user/ros2_ws/install/joint_trajectory_publisher:/home/user/ros2_ws/install/joint_trajectory_demo _=/usr/bin/env /usr/bin/cmake --install /home/user/ros2_ws/build/solo_description
