/home/user/ros2_ws/install/joint_trajectory_publisher/lib/python3.12/site-packages/joint_trajectory_publisher/publisher_forward_position_controller.py
/home/user/ros2_ws/install/joint_trajectory_publisher/lib/python3.12/site-packages/joint_trajectory_publisher/__init__.py
/home/user/ros2_ws/install/joint_trajectory_publisher/lib/python3.12/site-packages/joint_trajectory_publisher/publisher_joint_trajectory_controller.py
/home/user/ros2_ws/install/joint_trajectory_publisher/lib/python3.12/site-packages/joint_trajectory_publisher/__pycache__/publisher_forward_position_controller.cpython-312.pyc
/home/user/ros2_ws/install/joint_trajectory_publisher/lib/python3.12/site-packages/joint_trajectory_publisher/__pycache__/__init__.cpython-312.pyc
/home/user/ros2_ws/install/joint_trajectory_publisher/lib/python3.12/site-packages/joint_trajectory_publisher/__pycache__/publisher_joint_trajectory_controller.cpython-312.pyc
/home/user/ros2_ws/install/joint_trajectory_publisher/share/ament_index/resource_index/packages/joint_trajectory_publisher
/home/user/ros2_ws/install/joint_trajectory_publisher/share/joint_trajectory_publisher/package.xml
/home/user/ros2_ws/install/joint_trajectory_publisher/share/joint_trajectory_publisher/test_joint_trajectory_controller.launch.py
/home/user/ros2_ws/install/joint_trajectory_publisher/share/joint_trajectory_publisher/joint_trajectory_publisher.launch.py
/home/user/ros2_ws/install/joint_trajectory_publisher/share/joint_trajectory_publisher/test_forward_position_controller.launch.py
/home/user/ros2_ws/install/joint_trajectory_publisher/share/joint_trajectory_publisher/joint_trajectory_solo_push-ups.launch.py
/home/user/ros2_ws/install/joint_trajectory_publisher/share/joint_trajectory_publisher/config/joint_trajectory_publisher.yaml
/home/user/ros2_ws/install/joint_trajectory_publisher/share/joint_trajectory_publisher/config/lie_down_stand_up_publisher.yaml
/home/user/ros2_ws/install/joint_trajectory_publisher/share/joint_trajectory_publisher/config/forward_position_publisher.yaml
/home/user/ros2_ws/install/joint_trajectory_publisher/share/joint_trajectory_publisher/config/rrbot_wave_arm_trajectory.yaml
/home/user/ros2_ws/install/joint_trajectory_publisher/lib/python3.12/site-packages/joint_trajectory_publisher-0.0.1-py3.12.egg-info/PKG-INFO
/home/user/ros2_ws/install/joint_trajectory_publisher/lib/python3.12/site-packages/joint_trajectory_publisher-0.0.1-py3.12.egg-info/zip-safe
/home/user/ros2_ws/install/joint_trajectory_publisher/lib/python3.12/site-packages/joint_trajectory_publisher-0.0.1-py3.12.egg-info/top_level.txt
/home/user/ros2_ws/install/joint_trajectory_publisher/lib/python3.12/site-packages/joint_trajectory_publisher-0.0.1-py3.12.egg-info/requires.txt
/home/user/ros2_ws/install/joint_trajectory_publisher/lib/python3.12/site-packages/joint_trajectory_publisher-0.0.1-py3.12.egg-info/entry_points.txt
/home/user/ros2_ws/install/joint_trajectory_publisher/lib/python3.12/site-packages/joint_trajectory_publisher-0.0.1-py3.12.egg-info/SOURCES.txt
/home/user/ros2_ws/install/joint_trajectory_publisher/lib/python3.12/site-packages/joint_trajectory_publisher-0.0.1-py3.12.egg-info/dependency_links.txt
/home/user/ros2_ws/install/joint_trajectory_publisher/lib/joint_trajectory_publisher/publisher_forward_position_controller
/home/user/ros2_ws/install/joint_trajectory_publisher/lib/joint_trajectory_publisher/publisher_joint_trajectory_controller
