-- Install configuration: ""
-- Up-to-date: /home/user/ros2_ws/install/solo_description/share/ament_index/resource_index/package_run_dependencies/solo_description
-- Up-to-date: /home/user/ros2_ws/install/solo_description/share/ament_index/resource_index/parent_prefix_path/solo_description
-- Up-to-date: /home/user/ros2_ws/install/solo_description/share/solo_description/environment/ament_prefix_path.sh
-- Up-to-date: /home/user/ros2_ws/install/solo_description/share/solo_description/environment/ament_prefix_path.dsv
-- Up-to-date: /home/user/ros2_ws/install/solo_description/share/solo_description/environment/path.sh
-- Up-to-date: /home/user/ros2_ws/install/solo_description/share/solo_description/environment/path.dsv
-- Up-to-date: /home/user/ros2_ws/install/solo_description/share/solo_description/local_setup.bash
-- Up-to-date: /home/user/ros2_ws/install/solo_description/share/solo_description/local_setup.sh
-- Up-to-date: /home/user/ros2_ws/install/solo_description/share/solo_description/local_setup.zsh
-- Up-to-date: /home/user/ros2_ws/install/solo_description/share/solo_description/local_setup.dsv
-- Installing: /home/user/ros2_ws/install/solo_description/share/solo_description/package.dsv
-- Up-to-date: /home/user/ros2_ws/install/solo_description/share/ament_index/resource_index/packages/solo_description
-- Up-to-date: /home/user/ros2_ws/install/solo_description/share/solo_description/cmake/solo_descriptionConfig.cmake
-- Up-to-date: /home/user/ros2_ws/install/solo_description/share/solo_description/cmake/solo_descriptionConfig-version.cmake
-- Up-to-date: /home/user/ros2_ws/install/solo_description/share/solo_description/package.xml
-- Up-to-date: /home/user/ros2_ws/install/solo_description/share/solo_description/description
-- Up-to-date: /home/user/ros2_ws/install/solo_description/share/solo_description/description/solo
-- Up-to-date: /home/user/ros2_ws/install/solo_description/share/solo_description/description/solo/leg.xacro
-- Up-to-date: /home/user/ros2_ws/install/solo_description/share/solo_description/description/solo/meshes
-- Up-to-date: /home/user/ros2_ws/install/solo_description/share/solo_description/description/solo/meshes/hokuyo.dae
-- Up-to-date: /home/user/ros2_ws/install/solo_description/share/solo_description/description/solo/meshes/stl
-- Up-to-date: /home/user/ros2_ws/install/solo_description/share/solo_description/description/solo/meshes/stl/without_foot
-- Up-to-date: /home/user/ros2_ws/install/solo_description/share/solo_description/description/solo/meshes/stl/without_foot/solo_upper_leg_right_side.stl
-- Up-to-date: /home/user/ros2_ws/install/solo_description/share/solo_description/description/solo/meshes/stl/without_foot/solo_lower_leg_left_side.stl
-- Up-to-date: /home/user/ros2_ws/install/solo_description/share/solo_description/description/solo/meshes/stl/without_foot/solo_upper_leg_left_side.stl
-- Up-to-date: /home/user/ros2_ws/install/solo_description/share/solo_description/description/solo/meshes/stl/without_foot/solo_body.stl
-- Up-to-date: /home/user/ros2_ws/install/solo_description/share/solo_description/description/solo/meshes/stl/without_foot/solo_lower_leg_right_side.stl
-- Up-to-date: /home/user/ros2_ws/install/solo_description/share/solo_description/description/solo/meshes/stl/with_foot
-- Up-to-date: /home/user/ros2_ws/install/solo_description/share/solo_description/description/solo/meshes/stl/with_foot/solo_upper_leg_right_side.stl
-- Up-to-date: /home/user/ros2_ws/install/solo_description/share/solo_description/description/solo/meshes/stl/with_foot/solo_lower_leg_left_side.stl
-- Up-to-date: /home/user/ros2_ws/install/solo_description/share/solo_description/description/solo/meshes/stl/with_foot/solo_foot.stl
-- Up-to-date: /home/user/ros2_ws/install/solo_description/share/solo_description/description/solo/meshes/stl/with_foot/solo_upper_leg_left_side.stl
-- Up-to-date: /home/user/ros2_ws/install/solo_description/share/solo_description/description/solo/meshes/stl/with_foot/solo_body.stl
-- Up-to-date: /home/user/ros2_ws/install/solo_description/share/solo_description/description/solo/meshes/stl/with_foot/solo_lower_leg_right_side.stl
-- Up-to-date: /home/user/ros2_ws/install/solo_description/share/solo_description/description/solo/meshes/stl/solo12
-- Up-to-date: /home/user/ros2_ws/install/solo_description/share/solo_description/description/solo/meshes/stl/solo12/solo12_lower_leg_left_side.stl
-- Up-to-date: /home/user/ros2_ws/install/solo_description/share/solo_description/description/solo/meshes/stl/solo12/solo12_lower_leg_right_side.stl
-- Up-to-date: /home/user/ros2_ws/install/solo_description/share/solo_description/description/solo/meshes/stl/solo12/solo12_hip_fe_fr.stl
-- Up-to-date: /home/user/ros2_ws/install/solo_description/share/solo_description/description/solo/meshes/stl/solo12/solo12_hip_fe_hl.stl
-- Up-to-date: /home/user/ros2_ws/install/solo_description/share/solo_description/description/solo/meshes/stl/solo12/solo12_upper_leg_right_side.stl
-- Up-to-date: /home/user/ros2_ws/install/solo_description/share/solo_description/description/solo/meshes/stl/solo12/solo_12_base.stl
-- Up-to-date: /home/user/ros2_ws/install/solo_description/share/solo_description/description/solo/meshes/stl/solo12/solo12_hip_fe_fl.stl
-- Up-to-date: /home/user/ros2_ws/install/solo_description/share/solo_description/description/solo/meshes/stl/solo12/solo12_hip_fe_hr.stl
-- Up-to-date: /home/user/ros2_ws/install/solo_description/share/solo_description/description/solo/meshes/stl/solo12/solo12_upper_leg_left_side.stl
-- Up-to-date: /home/user/ros2_ws/install/solo_description/share/solo_description/description/solo/solo_system_quadruped.ros2_control.xacro
-- Up-to-date: /home/user/ros2_ws/install/solo_description/share/solo_description/description/solo/solo_quadruped.urdf.xacro
-- Up-to-date: /home/user/ros2_ws/install/solo_description/share/solo_description/description/odri_solo_quadruped.urdf.xacro
-- Up-to-date: /home/user/ros2_ws/install/solo_description/share/solo_description/rviz
-- Up-to-date: /home/user/ros2_ws/install/solo_description/share/solo_description/rviz/odri_solo_quadruped.rviz
