-- The C compiler identification is GNU 13.3.0
-- The CXX compiler identification is GNU 13.3.0
-- Detecting C compiler ABI info
-- Detecting C compiler ABI info - done
-- Check for working C compiler: /usr/bin/cc - skipped
-- Detecting C compile features
-- Detecting C compile features - done
-- Detecting CXX compiler ABI info
-- Detecting CXX compiler ABI info - done
-- Check for working CXX compiler: /usr/bin/c++ - skipped
-- Detecting CXX compile features
-- Detecting CXX compile features - done
-- Found ament_cmake: 2.5.4 (/opt/ros/jazzy/share/ament_cmake/cmake)
-- Found Python3: /usr/bin/python3 (found version "3.12.3") found components: Interpreter 
-- Found xacro: 2.1.1 (/opt/ros/jazzy/share/xacro/cmake)
-- Found ament_lint_auto: 0.17.3 (/opt/ros/jazzy/share/ament_lint_auto/cmake)
-- Added test 'copyright' to check source files copyright and LICENSE
-- Added test 'flake8' to check Python code syntax and style conventions
-- Configured 'flake8' exclude dirs and/or files: 
-- Added test 'lint_cmake' to check CMake code style
-- Added test 'pep257' to check Python code against some of the docstring style conventions in PEP 257
-- Added test 'xmllint' to check XML markup files
-- Configuring done (1.3s)
-- Generating done (0.0s)
-- Build files have been written to: /home/user/ros2_ws/build/diffbot_sim
-- Install configuration: ""
-- Installing: /home/user/ros2_ws/install/diffbot_sim/share/diffbot_sim/launch
-- Installing: /home/user/ros2_ws/install/diffbot_sim/share/diffbot_sim/launch/diffbot_controllers.launch.py
-- Installing: /home/user/ros2_ws/install/diffbot_sim/share/diffbot_sim/launch/diffbot_spawn.launch.py
-- Installing: /home/user/ros2_ws/install/diffbot_sim/share/ament_index/resource_index/package_run_dependencies/diffbot_sim
-- Installing: /home/user/ros2_ws/install/diffbot_sim/share/ament_index/resource_index/parent_prefix_path/diffbot_sim
-- Installing: /home/user/ros2_ws/install/diffbot_sim/share/diffbot_sim/environment/ament_prefix_path.sh
-- Installing: /home/user/ros2_ws/install/diffbot_sim/share/diffbot_sim/environment/ament_prefix_path.dsv
-- Installing: /home/user/ros2_ws/install/diffbot_sim/share/diffbot_sim/environment/path.sh
-- Installing: /home/user/ros2_ws/install/diffbot_sim/share/diffbot_sim/environment/path.dsv
-- Installing: /home/user/ros2_ws/install/diffbot_sim/share/diffbot_sim/local_setup.bash
-- Installing: /home/user/ros2_ws/install/diffbot_sim/share/diffbot_sim/local_setup.sh
-- Installing: /home/user/ros2_ws/install/diffbot_sim/share/diffbot_sim/local_setup.zsh
-- Installing: /home/user/ros2_ws/install/diffbot_sim/share/diffbot_sim/local_setup.dsv
-- Installing: /home/user/ros2_ws/install/diffbot_sim/share/diffbot_sim/package.dsv
-- Installing: /home/user/ros2_ws/install/diffbot_sim/share/ament_index/resource_index/packages/diffbot_sim
-- Installing: /home/user/ros2_ws/install/diffbot_sim/share/diffbot_sim/cmake/diffbot_simConfig.cmake
-- Installing: /home/user/ros2_ws/install/diffbot_sim/share/diffbot_sim/cmake/diffbot_simConfig-version.cmake
-- Installing: /home/user/ros2_ws/install/diffbot_sim/share/diffbot_sim/package.xml
