[100%] Built target rrbot_controller
-- Install configuration: ""
-- Up-to-date: /home/user/ros2_ws/install/rrbot_controller/share/rrbot_controller/rrbot_controller.xml
-- Up-to-date: /home/user/ros2_ws/install/rrbot_controller/lib/librrbot_controller.so
-- Up-to-date: /home/user/ros2_ws/install/rrbot_controller/include
-- Up-to-date: /home/user/ros2_ws/install/rrbot_controller/include/rrbot_controller
-- Up-to-date: /home/user/ros2_ws/install/rrbot_controller/include/rrbot_controller/rrbot_controller.hpp
-- Up-to-date: /home/user/ros2_ws/install/rrbot_controller/share/rrbot_controller//config
-- Up-to-date: /home/user/ros2_ws/install/rrbot_controller/share/rrbot_controller//config/rrbot_controllers_custom.yaml
-- Up-to-date: /home/user/ros2_ws/install/rrbot_controller/share/rrbot_controller/environment/library_path.sh
-- Up-to-date: /home/user/ros2_ws/install/rrbot_controller/share/rrbot_controller/environment/library_path.dsv
-- Up-to-date: /home/user/ros2_ws/install/rrbot_controller/share/ament_index/resource_index/package_run_dependencies/rrbot_controller
-- Up-to-date: /home/user/ros2_ws/install/rrbot_controller/share/ament_index/resource_index/parent_prefix_path/rrbot_controller
-- Up-to-date: /home/user/ros2_ws/install/rrbot_controller/share/rrbot_controller/environment/ament_prefix_path.sh
-- Up-to-date: /home/user/ros2_ws/install/rrbot_controller/share/rrbot_controller/environment/ament_prefix_path.dsv
-- Up-to-date: /home/user/ros2_ws/install/rrbot_controller/share/rrbot_controller/environment/path.sh
-- Up-to-date: /home/user/ros2_ws/install/rrbot_controller/share/rrbot_controller/environment/path.dsv
-- Up-to-date: /home/user/ros2_ws/install/rrbot_controller/share/rrbot_controller/local_setup.bash
-- Up-to-date: /home/user/ros2_ws/install/rrbot_controller/share/rrbot_controller/local_setup.sh
-- Up-to-date: /home/user/ros2_ws/install/rrbot_controller/share/rrbot_controller/local_setup.zsh
-- Up-to-date: /home/user/ros2_ws/install/rrbot_controller/share/rrbot_controller/local_setup.dsv
-- Installing: /home/user/ros2_ws/install/rrbot_controller/share/rrbot_controller/package.dsv
-- Up-to-date: /home/user/ros2_ws/install/rrbot_controller/share/ament_index/resource_index/packages/rrbot_controller
-- Up-to-date: /home/user/ros2_ws/install/rrbot_controller/share/ament_index/resource_index/controller_interface__pluginlib__plugin/rrbot_controller
-- Up-to-date: /home/user/ros2_ws/install/rrbot_controller/share/rrbot_controller/cmake/ament_cmake_export_include_directories-extras.cmake
-- Up-to-date: /home/user/ros2_ws/install/rrbot_controller/share/rrbot_controller/cmake/ament_cmake_export_libraries-extras.cmake
-- Up-to-date: /home/user/ros2_ws/install/rrbot_controller/share/rrbot_controller/cmake/ament_cmake_export_dependencies-extras.cmake
-- Up-to-date: /home/user/ros2_ws/install/rrbot_controller/share/rrbot_controller/cmake/rrbot_controllerConfig.cmake
-- Up-to-date: /home/user/ros2_ws/install/rrbot_controller/share/rrbot_controller/cmake/rrbot_controllerConfig-version.cmake
-- Up-to-date: /home/user/ros2_ws/install/rrbot_controller/share/rrbot_controller/package.xml
