[0.090s] Invoking command in '/home/user/ros2_ws/build/diffbot_description': CMAKE_PREFIX_PATH=${CMAKE_PREFIX_PATH}:/home/user/ros2_ws/install/joint_trajectory_publisher:/home/user/ros2_ws/install/joint_trajectory_demo _=/usr/bin/env /usr/bin/cmake --build /home/user/ros2_ws/build/diffbot_description -- -j8 -l8
[0.900s] Invoked command in '/home/user/ros2_ws/build/diffbot_description' returned '0': CMAKE_PREFIX_PATH=${CMAKE_PREFIX_PATH}:/home/user/ros2_ws/install/joint_trajectory_publisher:/home/user/ros2_ws/install/joint_trajectory_demo _=/usr/bin/env /usr/bin/cmake --build /home/user/ros2_ws/build/diffbot_description -- -j8 -l8
[0.901s] Invoking command in '/home/user/ros2_ws/build/diffbot_description': CMAKE_PREFIX_PATH=${CMAKE_PREFIX_PATH}:/home/user/ros2_ws/install/joint_trajectory_publisher:/home/user/ros2_ws/install/joint_trajectory_demo _=/usr/bin/env /usr/bin/cmake --install /home/user/ros2_ws/build/diffbot_description
[0.961s] -- Install configuration: ""
[0.961s] -- Up-to-date: /home/user/ros2_ws/install/diffbot_description/share/diffbot_description/robots
[0.961s] -- Up-to-date: /home/user/ros2_ws/install/diffbot_description/share/diffbot_description/robots/diffbot_description.urdf.xacro
[0.961s] -- Up-to-date: /home/user/ros2_ws/install/diffbot_description/share/diffbot_description/robots/diffbot.ros2_control.xacro
[0.962s] -- Up-to-date: /home/user/ros2_ws/install/diffbot_description/share/diffbot_description/robots/diffbot.gazebo.xacro
[0.962s] -- Up-to-date: /home/user/ros2_ws/install/diffbot_description/share/diffbot_description/robots/materials.xacro
[0.962s] -- Up-to-date: /home/user/ros2_ws/install/diffbot_description/share/diffbot_description/robots/diffbot.urdf.xacro
[0.962s] -- Up-to-date: /home/user/ros2_ws/install/diffbot_description/share/diffbot_description/config
[0.962s] -- Up-to-date: /home/user/ros2_ws/install/diffbot_description/share/diffbot_description/config/diffbot_config.rviz
[0.962s] -- Up-to-date: /home/user/ros2_ws/install/diffbot_description/share/diffbot_description/launch
[0.963s] -- Up-to-date: /home/user/ros2_ws/install/diffbot_description/share/diffbot_description/launch/diffbot_description.launch.py
[0.963s] -- Up-to-date: /home/user/ros2_ws/install/diffbot_description/share/ament_index/resource_index/package_run_dependencies/diffbot_description
[0.963s] -- Up-to-date: /home/user/ros2_ws/install/diffbot_description/share/ament_index/resource_index/parent_prefix_path/diffbot_description
[0.963s] -- Up-to-date: /home/user/ros2_ws/install/diffbot_description/share/diffbot_description/environment/ament_prefix_path.sh
[0.964s] -- Up-to-date: /home/user/ros2_ws/install/diffbot_description/share/diffbot_description/environment/ament_prefix_path.dsv
[0.964s] -- Up-to-date: /home/user/ros2_ws/install/diffbot_description/share/diffbot_description/environment/path.sh
[0.964s] -- Up-to-date: /home/user/ros2_ws/install/diffbot_description/share/diffbot_description/environment/path.dsv
[0.964s] -- Up-to-date: /home/user/ros2_ws/install/diffbot_description/share/diffbot_description/local_setup.bash
[0.964s] -- Up-to-date: /home/user/ros2_ws/install/diffbot_description/share/diffbot_description/local_setup.sh
[0.964s] -- Up-to-date: /home/user/ros2_ws/install/diffbot_description/share/diffbot_description/local_setup.zsh
[0.964s] -- Up-to-date: /home/user/ros2_ws/install/diffbot_description/share/diffbot_description/local_setup.dsv
[0.965s] -- Installing: /home/user/ros2_ws/install/diffbot_description/share/diffbot_description/package.dsv
[0.965s] -- Up-to-date: /home/user/ros2_ws/install/diffbot_description/share/ament_index/resource_index/packages/diffbot_description
[0.965s] -- Up-to-date: /home/user/ros2_ws/install/diffbot_description/share/diffbot_description/cmake/diffbot_descriptionConfig.cmake
[0.965s] -- Up-to-date: /home/user/ros2_ws/install/diffbot_description/share/diffbot_description/cmake/diffbot_descriptionConfig-version.cmake
[0.965s] -- Up-to-date: /home/user/ros2_ws/install/diffbot_description/share/diffbot_description/package.xml
[1.065s] Invoked command in '/home/user/ros2_ws/build/diffbot_description' returned '0': CMAKE_PREFIX_PATH=${CMAKE_PREFIX_PATH}:/home/user/ros2_ws/install/joint_trajectory_publisher:/home/user/ros2_ws/install/joint_trajectory_demo _=/usr/bin/env /usr/bin/cmake --install /home/user/ros2_ws/build/diffbot_description
