-- The C compiler identification is GNU 13.3.0
-- The CXX compiler identification is GNU 13.3.0
-- Detecting C compiler ABI info
-- Detecting C compiler ABI info - done
-- Check for working C compiler: /usr/bin/cc - skipped
-- Detecting C compile features
-- Detecting C compile features - done
-- Detecting CXX compiler ABI info
-- Detecting CXX compiler ABI info - done
-- Check for working CXX compiler: /usr/bin/c++ - skipped
-- Detecting CXX compile features
-- Detecting CXX compile features - done
-- Found ament_cmake: 2.5.4 (/opt/ros/jazzy/share/ament_cmake/cmake)
-- Found Python3: /usr/bin/python3 (found version "3.12.3") found components: Interpreter 
-- Configuring done (2.2s)
-- Generating done (0.0s)
-- Build files have been written to: /home/user/ros2_ws/build/spawn_solo
-- Install configuration: ""
-- Installing: /home/user/ros2_ws/install/spawn_solo/share/spawn_solo/launch
-- Installing: /home/user/ros2_ws/install/spawn_solo/share/spawn_solo/launch/spawn_solo.launch.py
-- Installing: /home/user/ros2_ws/install/spawn_solo/share/spawn_solo/launch/spawn_entity_client.py
-- Installing: /home/user/ros2_ws/install/spawn_solo/share/spawn_solo/worlds
-- Installing: /home/user/ros2_ws/install/spawn_solo/share/spawn_solo/worlds/empty.world
-- Installing: /home/user/ros2_ws/install/spawn_solo/lib/spawn_solo/spawn_entity_client.py
-- Installing: /home/user/ros2_ws/install/spawn_solo/share/spawn_solo/environment/spawn_solo.dsv
-- Installing: /home/user/ros2_ws/install/spawn_solo/share/ament_index/resource_index/package_run_dependencies/spawn_solo
-- Installing: /home/user/ros2_ws/install/spawn_solo/share/ament_index/resource_index/parent_prefix_path/spawn_solo
-- Installing: /home/user/ros2_ws/install/spawn_solo/share/spawn_solo/environment/ament_prefix_path.sh
-- Installing: /home/user/ros2_ws/install/spawn_solo/share/spawn_solo/environment/ament_prefix_path.dsv
-- Installing: /home/user/ros2_ws/install/spawn_solo/share/spawn_solo/environment/path.sh
-- Installing: /home/user/ros2_ws/install/spawn_solo/share/spawn_solo/environment/path.dsv
-- Installing: /home/user/ros2_ws/install/spawn_solo/share/spawn_solo/local_setup.bash
-- Installing: /home/user/ros2_ws/install/spawn_solo/share/spawn_solo/local_setup.sh
-- Installing: /home/user/ros2_ws/install/spawn_solo/share/spawn_solo/local_setup.zsh
-- Installing: /home/user/ros2_ws/install/spawn_solo/share/spawn_solo/local_setup.dsv
-- Installing: /home/user/ros2_ws/install/spawn_solo/share/spawn_solo/package.dsv
-- Installing: /home/user/ros2_ws/install/spawn_solo/share/ament_index/resource_index/packages/spawn_solo
-- Installing: /home/user/ros2_ws/install/spawn_solo/share/spawn_solo/cmake/spawn_soloConfig.cmake
-- Installing: /home/user/ros2_ws/install/spawn_solo/share/spawn_solo/cmake/spawn_soloConfig-version.cmake
-- Installing: /home/user/ros2_ws/install/spawn_solo/share/spawn_solo/package.xml
