[0.037s] Invoking command in '/home/user/ros2_ws/build/rrbot_unit3': _=/usr/bin/env /usr/bin/cmake /home/user/ros2_ws/src/ros2_control_course/unit3/rrbot_unit3 -DCMAKE_INSTALL_PREFIX=/home/user/ros2_ws/install/rrbot_unit3
[0.134s] -- The C compiler identification is GNU 13.3.0
[0.228s] -- The CXX compiler identification is GNU 13.3.0
[0.254s] -- Detecting C compiler ABI info
[0.405s] -- Detecting C compiler ABI info - done
[0.424s] -- Check for working C compiler: /usr/bin/cc - skipped
[0.425s] -- Detecting C compile features
[0.426s] -- Detecting C compile features - done
[0.467s] -- Detecting CXX compiler ABI info
[0.632s] -- Detecting CXX compiler ABI info - done
[0.651s] -- Check for working CXX compiler: /usr/bin/c++ - skipped
[0.651s] -- Detecting CXX compile features
[0.652s] -- Detecting CXX compile features - done
[0.662s] -- Found ament_cmake: 2.5.4 (/opt/ros/jazzy/share/ament_cmake/cmake)
[0.940s] -- Found Python3: /usr/bin/python3 (found version "3.12.3") found components: Interpreter 
[1.233s] -- Found urdf: 2.10.0 (/opt/ros/jazzy/share/urdf/cmake)
[1.375s] -- Found TinyXML2 via Config file: /usr/lib/x86_64-linux-gnu/cmake/tinyxml2
[1.414s] -- Found xacro: 2.1.1 (/opt/ros/jazzy/share/xacro/cmake)
[1.423s] -- Found robot_state_publisher: 3.3.3 (/opt/ros/jazzy/share/robot_state_publisher/cmake)
[1.530s] -- Found rosidl_generator_c: 4.6.6 (/opt/ros/jazzy/share/rosidl_generator_c/cmake)
[1.573s] -- Found rosidl_generator_cpp: 4.6.6 (/opt/ros/jazzy/share/rosidl_generator_cpp/cmake)
[1.626s] -- Using all available rosidl_typesupport_c: rosidl_typesupport_fastrtps_c;rosidl_typesupport_introspection_c
[1.666s] -- Using all available rosidl_typesupport_cpp: rosidl_typesupport_fastrtps_cpp;rosidl_typesupport_introspection_cpp
[1.928s] -- Found rmw_implementation_cmake: 7.3.2 (/opt/ros/jazzy/share/rmw_implementation_cmake/cmake)
[1.941s] -- Found rmw_fastrtps_cpp: 8.4.3 (/opt/ros/jazzy/share/rmw_fastrtps_cpp/cmake)
[2.006s] -- Found TinyXML2 via Config file: /usr/lib/x86_64-linux-gnu/cmake/tinyxml2
[2.132s] -- Found OpenSSL: /usr/lib/x86_64-linux-gnu/libcrypto.so (found version "3.0.13")  
[2.138s] -- Found TinyXML2 via Config file: /usr/lib/x86_64-linux-gnu/cmake/tinyxml2
[2.186s] -- Found FastRTPS: /opt/ros/jazzy/include (Required is at least version "2.13") 
[2.191s] -- Found TinyXML2 via Config file: /usr/lib/x86_64-linux-gnu/cmake/tinyxml2
[2.208s] -- Found TinyXML2 via Config file: /usr/lib/x86_64-linux-gnu/cmake/tinyxml2
[2.223s] -- Using RMW implementation 'rmw_fastrtps_cpp' as default
[2.862s] -- Found ament_lint_auto: 0.17.3 (/opt/ros/jazzy/share/ament_lint_auto/cmake)
[3.165s] -- Added test 'copyright' to check source files copyright and LICENSE
[3.176s] -- Added test 'lint_cmake' to check CMake code style
[3.179s] -- Added test 'xmllint' to check XML markup files
[3.186s] -- Configuring done (3.1s)
[3.200s] -- Generating done (0.0s)
[3.209s] -- Build files have been written to: /home/user/ros2_ws/build/rrbot_unit3
[3.236s] Invoked command in '/home/user/ros2_ws/build/rrbot_unit3' returned '0': _=/usr/bin/env /usr/bin/cmake /home/user/ros2_ws/src/ros2_control_course/unit3/rrbot_unit3 -DCMAKE_INSTALL_PREFIX=/home/user/ros2_ws/install/rrbot_unit3
[3.237s] Invoking command in '/home/user/ros2_ws/build/rrbot_unit3': _=/usr/bin/env /usr/bin/cmake --build /home/user/ros2_ws/build/rrbot_unit3 -- -j8 -l8
[3.409s] Invoked command in '/home/user/ros2_ws/build/rrbot_unit3' returned '0': _=/usr/bin/env /usr/bin/cmake --build /home/user/ros2_ws/build/rrbot_unit3 -- -j8 -l8
[3.410s] Invoking command in '/home/user/ros2_ws/build/rrbot_unit3': _=/usr/bin/env /usr/bin/cmake --install /home/user/ros2_ws/build/rrbot_unit3
[3.533s] -- Install configuration: ""
[3.533s] -- Installing: /home/user/ros2_ws/install/rrbot_unit3/share/ament_index/resource_index/package_run_dependencies/rrbot_unit3
[3.533s] -- Installing: /home/user/ros2_ws/install/rrbot_unit3/share/ament_index/resource_index/parent_prefix_path/rrbot_unit3
[3.534s] -- Installing: /home/user/ros2_ws/install/rrbot_unit3/share/rrbot_unit3/environment/ament_prefix_path.sh
[3.534s] -- Installing: /home/user/ros2_ws/install/rrbot_unit3/share/rrbot_unit3/environment/ament_prefix_path.dsv
[3.534s] -- Installing: /home/user/ros2_ws/install/rrbot_unit3/share/rrbot_unit3/environment/path.sh
[3.534s] -- Installing: /home/user/ros2_ws/install/rrbot_unit3/share/rrbot_unit3/environment/path.dsv
[3.534s] -- Installing: /home/user/ros2_ws/install/rrbot_unit3/share/rrbot_unit3/local_setup.bash
[3.534s] -- Installing: /home/user/ros2_ws/install/rrbot_unit3/share/rrbot_unit3/local_setup.sh
[3.535s] -- Installing: /home/user/ros2_ws/install/rrbot_unit3/share/rrbot_unit3/local_setup.zsh
[3.535s] -- Installing: /home/user/ros2_ws/install/rrbot_unit3/share/rrbot_unit3/local_setup.dsv
[3.535s] -- Installing: /home/user/ros2_ws/install/rrbot_unit3/share/rrbot_unit3/package.dsv
[3.535s] -- Installing: /home/user/ros2_ws/install/rrbot_unit3/share/ament_index/resource_index/packages/rrbot_unit3
[3.535s] -- Installing: /home/user/ros2_ws/install/rrbot_unit3/share/rrbot_unit3/cmake/rrbot_unit3Config.cmake
[3.535s] -- Installing: /home/user/ros2_ws/install/rrbot_unit3/share/rrbot_unit3/cmake/rrbot_unit3Config-version.cmake
[3.535s] -- Installing: /home/user/ros2_ws/install/rrbot_unit3/share/rrbot_unit3/package.xml
[3.535s] -- Installing: /home/user/ros2_ws/install/rrbot_unit3/share/rrbot_unit3/urdf
[3.535s] -- Installing: /home/user/ros2_ws/install/rrbot_unit3/share/rrbot_unit3/urdf/rrbot.xacro
[3.535s] -- Installing: /home/user/ros2_ws/install/rrbot_unit3/share/rrbot_unit3/urdf/materials.xacro
[3.535s] -- Installing: /home/user/ros2_ws/install/rrbot_unit3/share/rrbot_unit3/urdf/rrbot.gazebo
[3.536s] -- Installing: /home/user/ros2_ws/install/rrbot_unit3/share/rrbot_unit3/rviz
[3.536s] -- Installing: /home/user/ros2_ws/install/rrbot_unit3/share/rrbot_unit3/rviz/unit3.rviz
[3.571s] Invoked command in '/home/user/ros2_ws/build/rrbot_unit3' returned '0': _=/usr/bin/env /usr/bin/cmake --install /home/user/ros2_ws/build/rrbot_unit3
