-- Install configuration: ""
-- Up-to-date: /home/user/ros2_ws/install/spawn_solo/share/spawn_solo/launch
-- Up-to-date: /home/user/ros2_ws/install/spawn_solo/share/spawn_solo/launch/spawn_solo.launch.py
-- Up-to-date: /home/user/ros2_ws/install/spawn_solo/share/spawn_solo/launch/spawn_entity_client.py
-- Up-to-date: /home/user/ros2_ws/install/spawn_solo/share/spawn_solo/worlds
-- Up-to-date: /home/user/ros2_ws/install/spawn_solo/share/spawn_solo/worlds/empty.world
-- Up-to-date: /home/user/ros2_ws/install/spawn_solo/lib/spawn_solo/spawn_entity_client.py
-- Up-to-date: /home/user/ros2_ws/install/spawn_solo/share/spawn_solo/environment/spawn_solo.dsv
-- Up-to-date: /home/user/ros2_ws/install/spawn_solo/share/ament_index/resource_index/package_run_dependencies/spawn_solo
-- Up-to-date: /home/user/ros2_ws/install/spawn_solo/share/ament_index/resource_index/parent_prefix_path/spawn_solo
-- Up-to-date: /home/user/ros2_ws/install/spawn_solo/share/spawn_solo/environment/ament_prefix_path.sh
-- Up-to-date: /home/user/ros2_ws/install/spawn_solo/share/spawn_solo/environment/ament_prefix_path.dsv
-- Up-to-date: /home/user/ros2_ws/install/spawn_solo/share/spawn_solo/environment/path.sh
-- Up-to-date: /home/user/ros2_ws/install/spawn_solo/share/spawn_solo/environment/path.dsv
-- Up-to-date: /home/user/ros2_ws/install/spawn_solo/share/spawn_solo/local_setup.bash
-- Up-to-date: /home/user/ros2_ws/install/spawn_solo/share/spawn_solo/local_setup.sh
-- Up-to-date: /home/user/ros2_ws/install/spawn_solo/share/spawn_solo/local_setup.zsh
-- Up-to-date: /home/user/ros2_ws/install/spawn_solo/share/spawn_solo/local_setup.dsv
-- Installing: /home/user/ros2_ws/install/spawn_solo/share/spawn_solo/package.dsv
-- Up-to-date: /home/user/ros2_ws/install/spawn_solo/share/ament_index/resource_index/packages/spawn_solo
-- Up-to-date: /home/user/ros2_ws/install/spawn_solo/share/spawn_solo/cmake/spawn_soloConfig.cmake
-- Up-to-date: /home/user/ros2_ws/install/spawn_solo/share/spawn_solo/cmake/spawn_soloConfig-version.cmake
-- Up-to-date: /home/user/ros2_ws/install/spawn_solo/share/spawn_solo/package.xml
