-- Install configuration: ""
-- Up-to-date: /home/user/ros2_ws/install/rrbot_unit5/share/ament_index/resource_index/package_run_dependencies/rrbot_unit5
-- Up-to-date: /home/user/ros2_ws/install/rrbot_unit5/share/ament_index/resource_index/parent_prefix_path/rrbot_unit5
-- Up-to-date: /home/user/ros2_ws/install/rrbot_unit5/share/rrbot_unit5/environment/ament_prefix_path.sh
-- Up-to-date: /home/user/ros2_ws/install/rrbot_unit5/share/rrbot_unit5/environment/ament_prefix_path.dsv
-- Up-to-date: /home/user/ros2_ws/install/rrbot_unit5/share/rrbot_unit5/environment/path.sh
-- Up-to-date: /home/user/ros2_ws/install/rrbot_unit5/share/rrbot_unit5/environment/path.dsv
-- Up-to-date: /home/user/ros2_ws/install/rrbot_unit5/share/rrbot_unit5/local_setup.bash
-- Up-to-date: /home/user/ros2_ws/install/rrbot_unit5/share/rrbot_unit5/local_setup.sh
-- Up-to-date: /home/user/ros2_ws/install/rrbot_unit5/share/rrbot_unit5/local_setup.zsh
-- Up-to-date: /home/user/ros2_ws/install/rrbot_unit5/share/rrbot_unit5/local_setup.dsv
-- Installing: /home/user/ros2_ws/install/rrbot_unit5/share/rrbot_unit5/package.dsv
-- Up-to-date: /home/user/ros2_ws/install/rrbot_unit5/share/ament_index/resource_index/packages/rrbot_unit5
-- Up-to-date: /home/user/ros2_ws/install/rrbot_unit5/share/rrbot_unit5/cmake/rrbot_unit5Config.cmake
-- Up-to-date: /home/user/ros2_ws/install/rrbot_unit5/share/rrbot_unit5/cmake/rrbot_unit5Config-version.cmake
-- Up-to-date: /home/user/ros2_ws/install/rrbot_unit5/share/rrbot_unit5/package.xml
-- Up-to-date: /home/user/ros2_ws/install/rrbot_unit5/share/rrbot_unit5/config
-- Up-to-date: /home/user/ros2_ws/install/rrbot_unit5/share/rrbot_unit5/config/diff_drive_controller_config.yaml
-- Up-to-date: /home/user/ros2_ws/install/rrbot_unit5/share/rrbot_unit5/config/effort_controller_config.yaml
-- Up-to-date: /home/user/ros2_ws/install/rrbot_unit5/share/rrbot_unit5/config/joint_trajectory_controller_config.yaml
-- Up-to-date: /home/user/ros2_ws/install/rrbot_unit5/share/rrbot_unit5/config/velocity_controller_config.yaml
-- Up-to-date: /home/user/ros2_ws/install/rrbot_unit5/share/rrbot_unit5/config/position_controller_config.yaml
-- Up-to-date: /home/user/ros2_ws/install/rrbot_unit5/share/rrbot_unit5/config/forward_command_controller_config.yaml
-- Up-to-date: /home/user/ros2_ws/install/rrbot_unit5/share/rrbot_unit5/urdf
-- Up-to-date: /home/user/ros2_ws/install/rrbot_unit5/share/rrbot_unit5/urdf/rrbot.xacro
-- Up-to-date: /home/user/ros2_ws/install/rrbot_unit5/share/rrbot_unit5/urdf/materials.xacro
-- Up-to-date: /home/user/ros2_ws/install/rrbot_unit5/share/rrbot_unit5/urdf/rrbot.gazebo
-- Up-to-date: /home/user/ros2_ws/install/rrbot_unit5/share/rrbot_unit5/rviz
-- Up-to-date: /home/user/ros2_ws/install/rrbot_unit5/share/rrbot_unit5/rviz/unit5.rviz
