[0.123s] Invoking command in '/home/user/ros2_ws/build/dynamixel_sdk': CMAKE_PREFIX_PATH=${CMAKE_PREFIX_PATH}:/home/user/ros2_ws/install/joint_trajectory_publisher:/home/user/ros2_ws/install/joint_trajectory_demo _=/usr/bin/env /usr/bin/cmake --build /home/user/ros2_ws/build/dynamixel_sdk -- -j8 -l8
[0.927s] [100%] Built target dynamixel_sdk
[0.961s] Invoked command in '/home/user/ros2_ws/build/dynamixel_sdk' returned '0': CMAKE_PREFIX_PATH=${CMAKE_PREFIX_PATH}:/home/user/ros2_ws/install/joint_trajectory_publisher:/home/user/ros2_ws/install/joint_trajectory_demo _=/usr/bin/env /usr/bin/cmake --build /home/user/ros2_ws/build/dynamixel_sdk -- -j8 -l8
[0.979s] Invoking command in '/home/user/ros2_ws/build/dynamixel_sdk': CMAKE_PREFIX_PATH=${CMAKE_PREFIX_PATH}:/home/user/ros2_ws/install/joint_trajectory_publisher:/home/user/ros2_ws/install/joint_trajectory_demo _=/usr/bin/env /usr/bin/cmake --install /home/user/ros2_ws/build/dynamixel_sdk
[1.023s] -- Install configuration: ""
[1.024s] -- Up-to-date: /home/user/ros2_ws/install/dynamixel_sdk/include/
[1.024s] -- Up-to-date: /home/user/ros2_ws/install/dynamixel_sdk/include//dynamixel_sdk
[1.024s] -- Up-to-date: /home/user/ros2_ws/install/dynamixel_sdk/include//dynamixel_sdk/protocol1_packet_handler.h
[1.025s] -- Up-to-date: /home/user/ros2_ws/install/dynamixel_sdk/include//dynamixel_sdk/group_bulk_read.h
[1.031s] -- Up-to-date: /home/user/ros2_ws/install/dynamixel_sdk/include//dynamixel_sdk/group_sync_read.h
[1.032s] -- Up-to-date: /home/user/ros2_ws/install/dynamixel_sdk/include//dynamixel_sdk/port_handler_mac.h
[1.032s] -- Up-to-date: /home/user/ros2_ws/install/dynamixel_sdk/include//dynamixel_sdk/port_handler_arduino.h
[1.032s] -- Up-to-date: /home/user/ros2_ws/install/dynamixel_sdk/include//dynamixel_sdk/dynamixel_sdk.h
[1.032s] -- Up-to-date: /home/user/ros2_ws/install/dynamixel_sdk/include//dynamixel_sdk/packet_handler.h
[1.033s] -- Up-to-date: /home/user/ros2_ws/install/dynamixel_sdk/include//dynamixel_sdk/group_bulk_write.h
[1.033s] -- Up-to-date: /home/user/ros2_ws/install/dynamixel_sdk/include//dynamixel_sdk/protocol2_packet_handler.h
[1.033s] -- Up-to-date: /home/user/ros2_ws/install/dynamixel_sdk/include//dynamixel_sdk/port_handler_linux.h
[1.033s] -- Up-to-date: /home/user/ros2_ws/install/dynamixel_sdk/include//dynamixel_sdk/port_handler_windows.h
[1.033s] -- Up-to-date: /home/user/ros2_ws/install/dynamixel_sdk/include//dynamixel_sdk/group_sync_write.h
[1.033s] -- Up-to-date: /home/user/ros2_ws/install/dynamixel_sdk/include//dynamixel_sdk/port_handler.h
[1.033s] -- Up-to-date: /home/user/ros2_ws/install/dynamixel_sdk/lib/libdynamixel_sdk.so
[1.033s] -- Up-to-date: /home/user/ros2_ws/install/dynamixel_sdk/share/dynamixel_sdk/environment/library_path.sh
[1.034s] -- Up-to-date: /home/user/ros2_ws/install/dynamixel_sdk/share/dynamixel_sdk/environment/library_path.dsv
[1.034s] -- Up-to-date: /home/user/ros2_ws/install/dynamixel_sdk/share/ament_index/resource_index/package_run_dependencies/dynamixel_sdk
[1.034s] -- Up-to-date: /home/user/ros2_ws/install/dynamixel_sdk/share/ament_index/resource_index/parent_prefix_path/dynamixel_sdk
[1.034s] -- Up-to-date: /home/user/ros2_ws/install/dynamixel_sdk/share/dynamixel_sdk/environment/ament_prefix_path.sh
[1.034s] -- Up-to-date: /home/user/ros2_ws/install/dynamixel_sdk/share/dynamixel_sdk/environment/ament_prefix_path.dsv
[1.034s] -- Up-to-date: /home/user/ros2_ws/install/dynamixel_sdk/share/dynamixel_sdk/environment/path.sh
[1.034s] -- Up-to-date: /home/user/ros2_ws/install/dynamixel_sdk/share/dynamixel_sdk/environment/path.dsv
[1.035s] -- Up-to-date: /home/user/ros2_ws/install/dynamixel_sdk/share/dynamixel_sdk/local_setup.bash
[1.035s] -- Up-to-date: /home/user/ros2_ws/install/dynamixel_sdk/share/dynamixel_sdk/local_setup.sh
[1.035s] -- Up-to-date: /home/user/ros2_ws/install/dynamixel_sdk/share/dynamixel_sdk/local_setup.zsh
[1.035s] -- Up-to-date: /home/user/ros2_ws/install/dynamixel_sdk/share/dynamixel_sdk/local_setup.dsv
[1.036s] -- Installing: /home/user/ros2_ws/install/dynamixel_sdk/share/dynamixel_sdk/package.dsv
[1.036s] -- Up-to-date: /home/user/ros2_ws/install/dynamixel_sdk/share/ament_index/resource_index/packages/dynamixel_sdk
[1.036s] -- Up-to-date: /home/user/ros2_ws/install/dynamixel_sdk/share/dynamixel_sdk/cmake/ament_cmake_export_include_directories-extras.cmake
[1.036s] -- Up-to-date: /home/user/ros2_ws/install/dynamixel_sdk/share/dynamixel_sdk/cmake/ament_cmake_export_libraries-extras.cmake
[1.036s] -- Up-to-date: /home/user/ros2_ws/install/dynamixel_sdk/share/dynamixel_sdk/cmake/dynamixel_sdkConfig.cmake
[1.036s] -- Up-to-date: /home/user/ros2_ws/install/dynamixel_sdk/share/dynamixel_sdk/cmake/dynamixel_sdkConfig-version.cmake
[1.037s] -- Up-to-date: /home/user/ros2_ws/install/dynamixel_sdk/share/dynamixel_sdk/package.xml
[1.065s] Invoked command in '/home/user/ros2_ws/build/dynamixel_sdk' returned '0': CMAKE_PREFIX_PATH=${CMAKE_PREFIX_PATH}:/home/user/ros2_ws/install/joint_trajectory_publisher:/home/user/ros2_ws/install/joint_trajectory_demo _=/usr/bin/env /usr/bin/cmake --install /home/user/ros2_ws/build/dynamixel_sdk
