-- Install configuration: ""
-- Up-to-date: /home/user/ros2_ws/install/spawn_robot/share/spawn_robot/launch
-- Up-to-date: /home/user/ros2_ws/install/spawn_robot/share/spawn_robot/launch/spawn_rrbot.launch.py
-- Up-to-date: /home/user/ros2_ws/install/spawn_robot/share/spawn_robot/launch/rrbot_controller_manager.launch.py
-- Up-to-date: /home/user/ros2_ws/install/spawn_robot/share/spawn_robot/launch/spawn_entity_client.py
-- Up-to-date: /home/user/ros2_ws/install/spawn_robot/share/spawn_robot/launch/spawn_diffbot.launch.py
-- Up-to-date: /home/user/ros2_ws/install/spawn_robot/share/spawn_robot/worlds
-- Up-to-date: /home/user/ros2_ws/install/spawn_robot/share/spawn_robot/worlds/empty.world
-- Up-to-date: /home/user/ros2_ws/install/spawn_robot/lib/spawn_robot/spawn_entity_client.py
-- Up-to-date: /home/user/ros2_ws/install/spawn_robot/share/spawn_robot/environment/spawn_robot.dsv
-- Up-to-date: /home/user/ros2_ws/install/spawn_robot/share/ament_index/resource_index/package_run_dependencies/spawn_robot
-- Up-to-date: /home/user/ros2_ws/install/spawn_robot/share/ament_index/resource_index/parent_prefix_path/spawn_robot
-- Up-to-date: /home/user/ros2_ws/install/spawn_robot/share/spawn_robot/environment/ament_prefix_path.sh
-- Up-to-date: /home/user/ros2_ws/install/spawn_robot/share/spawn_robot/environment/ament_prefix_path.dsv
-- Up-to-date: /home/user/ros2_ws/install/spawn_robot/share/spawn_robot/environment/path.sh
-- Up-to-date: /home/user/ros2_ws/install/spawn_robot/share/spawn_robot/environment/path.dsv
-- Up-to-date: /home/user/ros2_ws/install/spawn_robot/share/spawn_robot/local_setup.bash
-- Up-to-date: /home/user/ros2_ws/install/spawn_robot/share/spawn_robot/local_setup.sh
-- Up-to-date: /home/user/ros2_ws/install/spawn_robot/share/spawn_robot/local_setup.zsh
-- Up-to-date: /home/user/ros2_ws/install/spawn_robot/share/spawn_robot/local_setup.dsv
-- Installing: /home/user/ros2_ws/install/spawn_robot/share/spawn_robot/package.dsv
-- Up-to-date: /home/user/ros2_ws/install/spawn_robot/share/ament_index/resource_index/packages/spawn_robot
-- Up-to-date: /home/user/ros2_ws/install/spawn_robot/share/spawn_robot/cmake/spawn_robotConfig.cmake
-- Up-to-date: /home/user/ros2_ws/install/spawn_robot/share/spawn_robot/cmake/spawn_robotConfig-version.cmake
-- Up-to-date: /home/user/ros2_ws/install/spawn_robot/share/spawn_robot/package.xml
