[0.113s] Invoking command in '/home/user/ros2_ws/build/dynamixel_sdk': CMAKE_PREFIX_PATH=${CMAKE_PREFIX_PATH}:/home/user/ros2_ws/install/joint_trajectory_publisher:/home/user/ros2_ws/install/joint_trajectory_demo _=/usr/bin/env /usr/bin/cmake --build /home/user/ros2_ws/build/dynamixel_sdk -- -j8 -l8
[0.899s] [100%] Built target dynamixel_sdk
[0.912s] Invoked command in '/home/user/ros2_ws/build/dynamixel_sdk' returned '0': CMAKE_PREFIX_PATH=${CMAKE_PREFIX_PATH}:/home/user/ros2_ws/install/joint_trajectory_publisher:/home/user/ros2_ws/install/joint_trajectory_demo _=/usr/bin/env /usr/bin/cmake --build /home/user/ros2_ws/build/dynamixel_sdk -- -j8 -l8
[0.927s] Invoking command in '/home/user/ros2_ws/build/dynamixel_sdk': CMAKE_PREFIX_PATH=${CMAKE_PREFIX_PATH}:/home/user/ros2_ws/install/joint_trajectory_publisher:/home/user/ros2_ws/install/joint_trajectory_demo _=/usr/bin/env /usr/bin/cmake --install /home/user/ros2_ws/build/dynamixel_sdk
[0.963s] -- Install configuration: ""
[0.965s] -- Up-to-date: /home/user/ros2_ws/install/dynamixel_sdk/include/
[0.965s] -- Up-to-date: /home/user/ros2_ws/install/dynamixel_sdk/include//dynamixel_sdk
[0.965s] -- Up-to-date: /home/user/ros2_ws/install/dynamixel_sdk/include//dynamixel_sdk/protocol1_packet_handler.h
[0.965s] -- Up-to-date: /home/user/ros2_ws/install/dynamixel_sdk/include//dynamixel_sdk/group_bulk_read.h
[0.965s] -- Up-to-date: /home/user/ros2_ws/install/dynamixel_sdk/include//dynamixel_sdk/group_sync_read.h
[0.965s] -- Up-to-date: /home/user/ros2_ws/install/dynamixel_sdk/include//dynamixel_sdk/port_handler_mac.h
[0.965s] -- Up-to-date: /home/user/ros2_ws/install/dynamixel_sdk/include//dynamixel_sdk/port_handler_arduino.h
[0.966s] -- Up-to-date: /home/user/ros2_ws/install/dynamixel_sdk/include//dynamixel_sdk/dynamixel_sdk.h
[0.966s] -- Up-to-date: /home/user/ros2_ws/install/dynamixel_sdk/include//dynamixel_sdk/packet_handler.h
[0.966s] -- Up-to-date: /home/user/ros2_ws/install/dynamixel_sdk/include//dynamixel_sdk/group_bulk_write.h
[0.966s] -- Up-to-date: /home/user/ros2_ws/install/dynamixel_sdk/include//dynamixel_sdk/protocol2_packet_handler.h
[0.966s] -- Up-to-date: /home/user/ros2_ws/install/dynamixel_sdk/include//dynamixel_sdk/port_handler_linux.h
[0.966s] -- Up-to-date: /home/user/ros2_ws/install/dynamixel_sdk/include//dynamixel_sdk/port_handler_windows.h
[0.966s] -- Up-to-date: /home/user/ros2_ws/install/dynamixel_sdk/include//dynamixel_sdk/group_sync_write.h
[0.966s] -- Up-to-date: /home/user/ros2_ws/install/dynamixel_sdk/include//dynamixel_sdk/port_handler.h
[0.966s] -- Up-to-date: /home/user/ros2_ws/install/dynamixel_sdk/lib/libdynamixel_sdk.so
[0.966s] -- Up-to-date: /home/user/ros2_ws/install/dynamixel_sdk/share/dynamixel_sdk/environment/library_path.sh
[0.966s] -- Up-to-date: /home/user/ros2_ws/install/dynamixel_sdk/share/dynamixel_sdk/environment/library_path.dsv
[0.967s] -- Up-to-date: /home/user/ros2_ws/install/dynamixel_sdk/share/ament_index/resource_index/package_run_dependencies/dynamixel_sdk
[0.967s] -- Up-to-date: /home/user/ros2_ws/install/dynamixel_sdk/share/ament_index/resource_index/parent_prefix_path/dynamixel_sdk
[0.967s] -- Up-to-date: /home/user/ros2_ws/install/dynamixel_sdk/share/dynamixel_sdk/environment/ament_prefix_path.sh
[0.967s] -- Up-to-date: /home/user/ros2_ws/install/dynamixel_sdk/share/dynamixel_sdk/environment/ament_prefix_path.dsv
[0.967s] -- Up-to-date: /home/user/ros2_ws/install/dynamixel_sdk/share/dynamixel_sdk/environment/path.sh
[0.967s] -- Up-to-date: /home/user/ros2_ws/install/dynamixel_sdk/share/dynamixel_sdk/environment/path.dsv
[0.967s] -- Up-to-date: /home/user/ros2_ws/install/dynamixel_sdk/share/dynamixel_sdk/local_setup.bash
[0.967s] -- Up-to-date: /home/user/ros2_ws/install/dynamixel_sdk/share/dynamixel_sdk/local_setup.sh
[0.967s] -- Up-to-date: /home/user/ros2_ws/install/dynamixel_sdk/share/dynamixel_sdk/local_setup.zsh
[0.968s] -- Up-to-date: /home/user/ros2_ws/install/dynamixel_sdk/share/dynamixel_sdk/local_setup.dsv
[0.968s] -- Installing: /home/user/ros2_ws/install/dynamixel_sdk/share/dynamixel_sdk/package.dsv
[0.968s] -- Up-to-date: /home/user/ros2_ws/install/dynamixel_sdk/share/ament_index/resource_index/packages/dynamixel_sdk
[0.969s] -- Up-to-date: /home/user/ros2_ws/install/dynamixel_sdk/share/dynamixel_sdk/cmake/ament_cmake_export_include_directories-extras.cmake
[0.969s] -- Up-to-date: /home/user/ros2_ws/install/dynamixel_sdk/share/dynamixel_sdk/cmake/ament_cmake_export_libraries-extras.cmake
[0.969s] -- Up-to-date: /home/user/ros2_ws/install/dynamixel_sdk/share/dynamixel_sdk/cmake/dynamixel_sdkConfig.cmake
[0.969s] -- Up-to-date: /home/user/ros2_ws/install/dynamixel_sdk/share/dynamixel_sdk/cmake/dynamixel_sdkConfig-version.cmake
[0.969s] -- Up-to-date: /home/user/ros2_ws/install/dynamixel_sdk/share/dynamixel_sdk/package.xml
[1.048s] Invoked command in '/home/user/ros2_ws/build/dynamixel_sdk' returned '0': CMAKE_PREFIX_PATH=${CMAKE_PREFIX_PATH}:/home/user/ros2_ws/install/joint_trajectory_publisher:/home/user/ros2_ws/install/joint_trajectory_demo _=/usr/bin/env /usr/bin/cmake --install /home/user/ros2_ws/build/dynamixel_sdk
