[0.234s] Invoking command in '/home/user/ros2_ws/build/rrbot_unit2': CMAKE_PREFIX_PATH=${CMAKE_PREFIX_PATH}:/home/user/ros2_ws/install/joint_trajectory_publisher:/home/user/ros2_ws/install/joint_trajectory_demo _=/usr/bin/env /usr/bin/cmake --build /home/user/ros2_ws/build/rrbot_unit2 -- -j8 -l8
[0.404s] Invoked command in '/home/user/ros2_ws/build/rrbot_unit2' returned '0': CMAKE_PREFIX_PATH=${CMAKE_PREFIX_PATH}:/home/user/ros2_ws/install/joint_trajectory_publisher:/home/user/ros2_ws/install/joint_trajectory_demo _=/usr/bin/env /usr/bin/cmake --build /home/user/ros2_ws/build/rrbot_unit2 -- -j8 -l8
[0.406s] Invoking command in '/home/user/ros2_ws/build/rrbot_unit2': CMAKE_PREFIX_PATH=${CMAKE_PREFIX_PATH}:/home/user/ros2_ws/install/joint_trajectory_publisher:/home/user/ros2_ws/install/joint_trajectory_demo _=/usr/bin/env /usr/bin/cmake --install /home/user/ros2_ws/build/rrbot_unit2
[0.437s] -- Install configuration: ""
[0.446s] -- Up-to-date: /home/user/ros2_ws/install/rrbot_unit2/share/ament_index/resource_index/package_run_dependencies/rrbot_unit2
[0.446s] -- Up-to-date: /home/user/ros2_ws/install/rrbot_unit2/share/ament_index/resource_index/parent_prefix_path/rrbot_unit2
[0.446s] -- Up-to-date: /home/user/ros2_ws/install/rrbot_unit2/share/rrbot_unit2/environment/ament_prefix_path.sh
[0.446s] -- Up-to-date: /home/user/ros2_ws/install/rrbot_unit2/share/rrbot_unit2/environment/ament_prefix_path.dsv
[0.447s] -- Up-to-date: /home/user/ros2_ws/install/rrbot_unit2/share/rrbot_unit2/environment/path.sh
[0.447s] -- Up-to-date: /home/user/ros2_ws/install/rrbot_unit2/share/rrbot_unit2/environment/path.dsv
[0.447s] -- Up-to-date: /home/user/ros2_ws/install/rrbot_unit2/share/rrbot_unit2/local_setup.bash
[0.447s] -- Up-to-date: /home/user/ros2_ws/install/rrbot_unit2/share/rrbot_unit2/local_setup.sh
[0.447s] -- Up-to-date: /home/user/ros2_ws/install/rrbot_unit2/share/rrbot_unit2/local_setup.zsh
[0.447s] -- Up-to-date: /home/user/ros2_ws/install/rrbot_unit2/share/rrbot_unit2/local_setup.dsv
[0.447s] -- Installing: /home/user/ros2_ws/install/rrbot_unit2/share/rrbot_unit2/package.dsv
[0.448s] -- Up-to-date: /home/user/ros2_ws/install/rrbot_unit2/share/ament_index/resource_index/packages/rrbot_unit2
[0.448s] -- Up-to-date: /home/user/ros2_ws/install/rrbot_unit2/share/rrbot_unit2/cmake/rrbot_unit2Config.cmake
[0.448s] -- Up-to-date: /home/user/ros2_ws/install/rrbot_unit2/share/rrbot_unit2/cmake/rrbot_unit2Config-version.cmake
[0.450s] -- Up-to-date: /home/user/ros2_ws/install/rrbot_unit2/share/rrbot_unit2/package.xml
[0.450s] -- Up-to-date: /home/user/ros2_ws/install/rrbot_unit2/share/rrbot_unit2/urdf
[0.450s] -- Up-to-date: /home/user/ros2_ws/install/rrbot_unit2/share/rrbot_unit2/urdf/rrbot.xacro
[0.450s] -- Up-to-date: /home/user/ros2_ws/install/rrbot_unit2/share/rrbot_unit2/urdf/materials.xacro
[0.450s] -- Up-to-date: /home/user/ros2_ws/install/rrbot_unit2/share/rrbot_unit2/urdf/rrbot.gazebo
[0.450s] -- Up-to-date: /home/user/ros2_ws/install/rrbot_unit2/share/rrbot_unit2/rviz
[0.451s] -- Up-to-date: /home/user/ros2_ws/install/rrbot_unit2/share/rrbot_unit2/rviz/unit2.rviz
[0.495s] Invoked command in '/home/user/ros2_ws/build/rrbot_unit2' returned '0': CMAKE_PREFIX_PATH=${CMAKE_PREFIX_PATH}:/home/user/ros2_ws/install/joint_trajectory_publisher:/home/user/ros2_ws/install/joint_trajectory_demo _=/usr/bin/env /usr/bin/cmake --install /home/user/ros2_ws/build/rrbot_unit2
