[0.133s] Invoking command in '/home/user/ros2_ws/build/my_robot_hardware_interface': CMAKE_PREFIX_PATH=${CMAKE_PREFIX_PATH}:/home/user/ros2_ws/install/joint_trajectory_publisher:/home/user/ros2_ws/install/joint_trajectory_demo _=/usr/bin/env /usr/bin/cmake --build /home/user/ros2_ws/build/my_robot_hardware_interface -- -j8 -l8
[0.306s] [100%] Built target my_robot_hardware_interface
[0.348s] Invoked command in '/home/user/ros2_ws/build/my_robot_hardware_interface' returned '0': CMAKE_PREFIX_PATH=${CMAKE_PREFIX_PATH}:/home/user/ros2_ws/install/joint_trajectory_publisher:/home/user/ros2_ws/install/joint_trajectory_demo _=/usr/bin/env /usr/bin/cmake --build /home/user/ros2_ws/build/my_robot_hardware_interface -- -j8 -l8
[0.348s] Invoking command in '/home/user/ros2_ws/build/my_robot_hardware_interface': CMAKE_PREFIX_PATH=${CMAKE_PREFIX_PATH}:/home/user/ros2_ws/install/joint_trajectory_publisher:/home/user/ros2_ws/install/joint_trajectory_demo _=/usr/bin/env /usr/bin/cmake --install /home/user/ros2_ws/build/my_robot_hardware_interface
[0.383s] -- Install configuration: ""
[0.383s] -- Up-to-date: /home/user/ros2_ws/install/my_robot_hardware_interface/share/my_robot_hardware_interface/my_robot_hardware_interface.xml
[0.383s] -- Up-to-date: /home/user/ros2_ws/install/my_robot_hardware_interface/lib/libmy_robot_hardware_interface.so
[0.383s] -- Up-to-date: /home/user/ros2_ws/install/my_robot_hardware_interface/include
[0.383s] -- Up-to-date: /home/user/ros2_ws/install/my_robot_hardware_interface/include/my_robot_hardware_interface
[0.389s] -- Up-to-date: /home/user/ros2_ws/install/my_robot_hardware_interface/include/my_robot_hardware_interface/my_robot_hardware_interface.hpp
[0.390s] -- Up-to-date: /home/user/ros2_ws/install/my_robot_hardware_interface/share/my_robot_hardware_interface//launch
[0.390s] -- Up-to-date: /home/user/ros2_ws/install/my_robot_hardware_interface/share/my_robot_hardware_interface//launch/bring_up_on_hardware.launch.py
[0.390s] -- Up-to-date: /home/user/ros2_ws/install/my_robot_hardware_interface/share/my_robot_hardware_interface//config
[0.390s] -- Up-to-date: /home/user/ros2_ws/install/my_robot_hardware_interface/share/my_robot_hardware_interface//config/controller_configuration.yaml
[0.390s] -- Up-to-date: /home/user/ros2_ws/install/my_robot_hardware_interface/share/my_robot_hardware_interface/environment/library_path.sh
[0.390s] -- Up-to-date: /home/user/ros2_ws/install/my_robot_hardware_interface/share/my_robot_hardware_interface/environment/library_path.dsv
[0.391s] -- Up-to-date: /home/user/ros2_ws/install/my_robot_hardware_interface/share/ament_index/resource_index/package_run_dependencies/my_robot_hardware_interface
[0.391s] -- Up-to-date: /home/user/ros2_ws/install/my_robot_hardware_interface/share/ament_index/resource_index/parent_prefix_path/my_robot_hardware_interface
[0.391s] -- Up-to-date: /home/user/ros2_ws/install/my_robot_hardware_interface/share/my_robot_hardware_interface/environment/ament_prefix_path.sh
[0.391s] -- Up-to-date: /home/user/ros2_ws/install/my_robot_hardware_interface/share/my_robot_hardware_interface/environment/ament_prefix_path.dsv
[0.391s] -- Up-to-date: /home/user/ros2_ws/install/my_robot_hardware_interface/share/my_robot_hardware_interface/environment/path.sh
[0.391s] -- Up-to-date: /home/user/ros2_ws/install/my_robot_hardware_interface/share/my_robot_hardware_interface/environment/path.dsv
[0.391s] -- Up-to-date: /home/user/ros2_ws/install/my_robot_hardware_interface/share/my_robot_hardware_interface/local_setup.bash
[0.392s] -- Up-to-date: /home/user/ros2_ws/install/my_robot_hardware_interface/share/my_robot_hardware_interface/local_setup.sh
[0.392s] -- Up-to-date: /home/user/ros2_ws/install/my_robot_hardware_interface/share/my_robot_hardware_interface/local_setup.zsh
[0.392s] -- Up-to-date: /home/user/ros2_ws/install/my_robot_hardware_interface/share/my_robot_hardware_interface/local_setup.dsv
[0.392s] -- Installing: /home/user/ros2_ws/install/my_robot_hardware_interface/share/my_robot_hardware_interface/package.dsv
[0.392s] -- Up-to-date: /home/user/ros2_ws/install/my_robot_hardware_interface/share/ament_index/resource_index/packages/my_robot_hardware_interface
[0.392s] -- Up-to-date: /home/user/ros2_ws/install/my_robot_hardware_interface/share/ament_index/resource_index/hardware_interface__pluginlib__plugin/my_robot_hardware_interface
[0.392s] -- Up-to-date: /home/user/ros2_ws/install/my_robot_hardware_interface/share/my_robot_hardware_interface/cmake/ament_cmake_export_include_directories-extras.cmake
[0.392s] -- Up-to-date: /home/user/ros2_ws/install/my_robot_hardware_interface/share/my_robot_hardware_interface/cmake/ament_cmake_export_libraries-extras.cmake
[0.393s] -- Up-to-date: /home/user/ros2_ws/install/my_robot_hardware_interface/share/my_robot_hardware_interface/cmake/ament_cmake_export_dependencies-extras.cmake
[0.393s] -- Up-to-date: /home/user/ros2_ws/install/my_robot_hardware_interface/share/my_robot_hardware_interface/cmake/my_robot_hardware_interfaceConfig.cmake
[0.393s] -- Up-to-date: /home/user/ros2_ws/install/my_robot_hardware_interface/share/my_robot_hardware_interface/cmake/my_robot_hardware_interfaceConfig-version.cmake
[0.393s] -- Up-to-date: /home/user/ros2_ws/install/my_robot_hardware_interface/share/my_robot_hardware_interface/package.xml
[0.421s] Invoked command in '/home/user/ros2_ws/build/my_robot_hardware_interface' returned '0': CMAKE_PREFIX_PATH=${CMAKE_PREFIX_PATH}:/home/user/ros2_ws/install/joint_trajectory_publisher:/home/user/ros2_ws/install/joint_trajectory_demo _=/usr/bin/env /usr/bin/cmake --install /home/user/ros2_ws/build/my_robot_hardware_interface
