-- The C compiler identification is GNU 13.3.0
-- The CXX compiler identification is GNU 13.3.0
-- Detecting C compiler ABI info
-- Detecting C compiler ABI info - done
-- Check for working C compiler: /usr/bin/cc - skipped
-- Detecting C compile features
-- Detecting C compile features - done
-- Detecting CXX compiler ABI info
-- Detecting CXX compiler ABI info - done
-- Check for working CXX compiler: /usr/bin/c++ - skipped
-- Detecting CXX compile features
-- Detecting CXX compile features - done
-- Found ament_cmake: 2.5.4 (/opt/ros/jazzy/share/ament_cmake/cmake)
-- Found Python3: /usr/bin/python3 (found version "3.12.3") found components: Interpreter 
-- Configuring done (2.4s)
-- Generating done (0.0s)
-- Build files have been written to: /home/user/ros2_ws/build/spawn_robot
-- Install configuration: ""
-- Installing: /home/user/ros2_ws/install/spawn_robot/share/spawn_robot/launch
-- Installing: /home/user/ros2_ws/install/spawn_robot/share/spawn_robot/launch/spawn_rrbot.launch.py
-- Installing: /home/user/ros2_ws/install/spawn_robot/share/spawn_robot/launch/rrbot_controller_manager.launch.py
-- Installing: /home/user/ros2_ws/install/spawn_robot/share/spawn_robot/launch/spawn_entity_client.py
-- Installing: /home/user/ros2_ws/install/spawn_robot/share/spawn_robot/launch/spawn_diffbot.launch.py
-- Installing: /home/user/ros2_ws/install/spawn_robot/share/spawn_robot/worlds
-- Installing: /home/user/ros2_ws/install/spawn_robot/share/spawn_robot/worlds/empty.world
-- Installing: /home/user/ros2_ws/install/spawn_robot/lib/spawn_robot/spawn_entity_client.py
-- Installing: /home/user/ros2_ws/install/spawn_robot/share/spawn_robot/environment/spawn_robot.dsv
-- Installing: /home/user/ros2_ws/install/spawn_robot/share/ament_index/resource_index/package_run_dependencies/spawn_robot
-- Installing: /home/user/ros2_ws/install/spawn_robot/share/ament_index/resource_index/parent_prefix_path/spawn_robot
-- Installing: /home/user/ros2_ws/install/spawn_robot/share/spawn_robot/environment/ament_prefix_path.sh
-- Installing: /home/user/ros2_ws/install/spawn_robot/share/spawn_robot/environment/ament_prefix_path.dsv
-- Installing: /home/user/ros2_ws/install/spawn_robot/share/spawn_robot/environment/path.sh
-- Installing: /home/user/ros2_ws/install/spawn_robot/share/spawn_robot/environment/path.dsv
-- Installing: /home/user/ros2_ws/install/spawn_robot/share/spawn_robot/local_setup.bash
-- Installing: /home/user/ros2_ws/install/spawn_robot/share/spawn_robot/local_setup.sh
-- Installing: /home/user/ros2_ws/install/spawn_robot/share/spawn_robot/local_setup.zsh
-- Installing: /home/user/ros2_ws/install/spawn_robot/share/spawn_robot/local_setup.dsv
-- Installing: /home/user/ros2_ws/install/spawn_robot/share/spawn_robot/package.dsv
-- Installing: /home/user/ros2_ws/install/spawn_robot/share/ament_index/resource_index/packages/spawn_robot
-- Installing: /home/user/ros2_ws/install/spawn_robot/share/spawn_robot/cmake/spawn_robotConfig.cmake
-- Installing: /home/user/ros2_ws/install/spawn_robot/share/spawn_robot/cmake/spawn_robotConfig-version.cmake
-- Installing: /home/user/ros2_ws/install/spawn_robot/share/spawn_robot/package.xml
