[0.049s] Invoking command in '/home/user/ros2_ws/build/spawn_robot': _=/usr/bin/env /usr/bin/cmake /home/user/ros2_ws/src/ros2_control_course/unit5/spawn_robot -DCMAKE_INSTALL_PREFIX=/home/user/ros2_ws/install/spawn_robot
[0.336s] -- The C compiler identification is GNU 13.3.0
[0.603s] -- The CXX compiler identification is GNU 13.3.0
[0.697s] -- Detecting C compiler ABI info
[1.262s] -- Detecting C compiler ABI info - done
[1.282s] -- Check for working C compiler: /usr/bin/cc - skipped
[1.282s] -- Detecting C compile features
[1.283s] -- Detecting C compile features - done
[1.334s] -- Detecting CXX compiler ABI info
[1.708s] -- Detecting CXX compiler ABI info - done
[1.748s] -- Check for working CXX compiler: /usr/bin/c++ - skipped
[1.748s] -- Detecting CXX compile features
[1.749s] -- Detecting CXX compile features - done
[1.761s] -- Found ament_cmake: 2.5.4 (/opt/ros/jazzy/share/ament_cmake/cmake)
[2.089s] -- Found Python3: /usr/bin/python3 (found version "3.12.3") found components: Interpreter 
[2.484s] -- Configuring done (2.4s)
[2.490s] -- Generating done (0.0s)
[2.494s] -- Build files have been written to: /home/user/ros2_ws/build/spawn_robot
[2.507s] Invoked command in '/home/user/ros2_ws/build/spawn_robot' returned '0': _=/usr/bin/env /usr/bin/cmake /home/user/ros2_ws/src/ros2_control_course/unit5/spawn_robot -DCMAKE_INSTALL_PREFIX=/home/user/ros2_ws/install/spawn_robot
[2.508s] Invoking command in '/home/user/ros2_ws/build/spawn_robot': _=/usr/bin/env /usr/bin/cmake --build /home/user/ros2_ws/build/spawn_robot -- -j8 -l8
[2.823s] Invoked command in '/home/user/ros2_ws/build/spawn_robot' returned '0': _=/usr/bin/env /usr/bin/cmake --build /home/user/ros2_ws/build/spawn_robot -- -j8 -l8
[2.824s] Invoking command in '/home/user/ros2_ws/build/spawn_robot': _=/usr/bin/env /usr/bin/cmake --install /home/user/ros2_ws/build/spawn_robot
[2.889s] -- Install configuration: ""
[2.889s] -- Installing: /home/user/ros2_ws/install/spawn_robot/share/spawn_robot/launch
[2.890s] -- Installing: /home/user/ros2_ws/install/spawn_robot/share/spawn_robot/launch/spawn_rrbot.launch.py
[2.890s] -- Installing: /home/user/ros2_ws/install/spawn_robot/share/spawn_robot/launch/rrbot_controller_manager.launch.py
[2.890s] -- Installing: /home/user/ros2_ws/install/spawn_robot/share/spawn_robot/launch/spawn_entity_client.py
[2.891s] -- Installing: /home/user/ros2_ws/install/spawn_robot/share/spawn_robot/launch/spawn_diffbot.launch.py
[2.891s] -- Installing: /home/user/ros2_ws/install/spawn_robot/share/spawn_robot/worlds
[2.892s] -- Installing: /home/user/ros2_ws/install/spawn_robot/share/spawn_robot/worlds/empty.world
[2.893s] -- Installing: /home/user/ros2_ws/install/spawn_robot/lib/spawn_robot/spawn_entity_client.py
[2.894s] -- Installing: /home/user/ros2_ws/install/spawn_robot/share/spawn_robot/environment/spawn_robot.dsv
[2.894s] -- Installing: /home/user/ros2_ws/install/spawn_robot/share/ament_index/resource_index/package_run_dependencies/spawn_robot
[2.895s] -- Installing: /home/user/ros2_ws/install/spawn_robot/share/ament_index/resource_index/parent_prefix_path/spawn_robot
[2.895s] -- Installing: /home/user/ros2_ws/install/spawn_robot/share/spawn_robot/environment/ament_prefix_path.sh
[2.895s] -- Installing: /home/user/ros2_ws/install/spawn_robot/share/spawn_robot/environment/ament_prefix_path.dsv
[2.896s] -- Installing: /home/user/ros2_ws/install/spawn_robot/share/spawn_robot/environment/path.sh
[2.896s] -- Installing: /home/user/ros2_ws/install/spawn_robot/share/spawn_robot/environment/path.dsv
[2.896s] -- Installing: /home/user/ros2_ws/install/spawn_robot/share/spawn_robot/local_setup.bash
[2.897s] -- Installing: /home/user/ros2_ws/install/spawn_robot/share/spawn_robot/local_setup.sh
[2.899s] -- Installing: /home/user/ros2_ws/install/spawn_robot/share/spawn_robot/local_setup.zsh
[2.899s] -- Installing: /home/user/ros2_ws/install/spawn_robot/share/spawn_robot/local_setup.dsv
[2.900s] -- Installing: /home/user/ros2_ws/install/spawn_robot/share/spawn_robot/package.dsv
[2.900s] -- Installing: /home/user/ros2_ws/install/spawn_robot/share/ament_index/resource_index/packages/spawn_robot
[2.901s] -- Installing: /home/user/ros2_ws/install/spawn_robot/share/spawn_robot/cmake/spawn_robotConfig.cmake
[2.902s] -- Installing: /home/user/ros2_ws/install/spawn_robot/share/spawn_robot/cmake/spawn_robotConfig-version.cmake
[2.902s] -- Installing: /home/user/ros2_ws/install/spawn_robot/share/spawn_robot/package.xml
[2.911s] Invoked command in '/home/user/ros2_ws/build/spawn_robot' returned '0': _=/usr/bin/env /usr/bin/cmake --install /home/user/ros2_ws/build/spawn_robot
