[0.103s] Invoking command in '/home/user/ros2_ws/build/diffbot_sim': CMAKE_PREFIX_PATH=${CMAKE_PREFIX_PATH}:/home/user/ros2_ws/install/joint_trajectory_publisher:/home/user/ros2_ws/install/joint_trajectory_demo _=/usr/bin/env /usr/bin/cmake --build /home/user/ros2_ws/build/diffbot_sim -- -j8 -l8
[1.002s] Invoked command in '/home/user/ros2_ws/build/diffbot_sim' returned '0': CMAKE_PREFIX_PATH=${CMAKE_PREFIX_PATH}:/home/user/ros2_ws/install/joint_trajectory_publisher:/home/user/ros2_ws/install/joint_trajectory_demo _=/usr/bin/env /usr/bin/cmake --build /home/user/ros2_ws/build/diffbot_sim -- -j8 -l8
[1.005s] Invoking command in '/home/user/ros2_ws/build/diffbot_sim': CMAKE_PREFIX_PATH=${CMAKE_PREFIX_PATH}:/home/user/ros2_ws/install/joint_trajectory_publisher:/home/user/ros2_ws/install/joint_trajectory_demo _=/usr/bin/env /usr/bin/cmake --install /home/user/ros2_ws/build/diffbot_sim
[1.080s] -- Install configuration: ""
[1.080s] -- Up-to-date: /home/user/ros2_ws/install/diffbot_sim/share/diffbot_sim/launch
[1.081s] -- Up-to-date: /home/user/ros2_ws/install/diffbot_sim/share/diffbot_sim/launch/diffbot_controllers.launch.py
[1.081s] -- Up-to-date: /home/user/ros2_ws/install/diffbot_sim/share/diffbot_sim/launch/diffbot_spawn.launch.py
[1.081s] -- Up-to-date: /home/user/ros2_ws/install/diffbot_sim/share/ament_index/resource_index/package_run_dependencies/diffbot_sim
[1.082s] -- Up-to-date: /home/user/ros2_ws/install/diffbot_sim/share/ament_index/resource_index/parent_prefix_path/diffbot_sim
[1.082s] -- Up-to-date: /home/user/ros2_ws/install/diffbot_sim/share/diffbot_sim/environment/ament_prefix_path.sh
[1.082s] -- Up-to-date: /home/user/ros2_ws/install/diffbot_sim/share/diffbot_sim/environment/ament_prefix_path.dsv
[1.083s] -- Up-to-date: /home/user/ros2_ws/install/diffbot_sim/share/diffbot_sim/environment/path.sh
[1.083s] -- Up-to-date: /home/user/ros2_ws/install/diffbot_sim/share/diffbot_sim/environment/path.dsv
[1.083s] -- Up-to-date: /home/user/ros2_ws/install/diffbot_sim/share/diffbot_sim/local_setup.bash
[1.084s] -- Up-to-date: /home/user/ros2_ws/install/diffbot_sim/share/diffbot_sim/local_setup.sh
[1.084s] -- Up-to-date: /home/user/ros2_ws/install/diffbot_sim/share/diffbot_sim/local_setup.zsh
[1.084s] -- Up-to-date: /home/user/ros2_ws/install/diffbot_sim/share/diffbot_sim/local_setup.dsv
[1.084s] -- Installing: /home/user/ros2_ws/install/diffbot_sim/share/diffbot_sim/package.dsv
[1.085s] -- Up-to-date: /home/user/ros2_ws/install/diffbot_sim/share/ament_index/resource_index/packages/diffbot_sim
[1.085s] -- Up-to-date: /home/user/ros2_ws/install/diffbot_sim/share/diffbot_sim/cmake/diffbot_simConfig.cmake
[1.085s] -- Up-to-date: /home/user/ros2_ws/install/diffbot_sim/share/diffbot_sim/cmake/diffbot_simConfig-version.cmake
[1.086s] -- Up-to-date: /home/user/ros2_ws/install/diffbot_sim/share/diffbot_sim/package.xml
[1.190s] Invoked command in '/home/user/ros2_ws/build/diffbot_sim' returned '0': CMAKE_PREFIX_PATH=${CMAKE_PREFIX_PATH}:/home/user/ros2_ws/install/joint_trajectory_publisher:/home/user/ros2_ws/install/joint_trajectory_demo _=/usr/bin/env /usr/bin/cmake --install /home/user/ros2_ws/build/diffbot_sim
