[0.156s] Invoking command in '/home/user/ros2_ws/build/dynamixel_hardware_interface': AMENT_PREFIX_PATH=/home/user/ros2_ws/install/dynamixel_workbench_toolbox:/home/user/ros2_ws/install/dynamixel_sdk:${AMENT_PREFIX_PATH} CMAKE_PREFIX_PATH=/home/user/ros2_ws/install/dynamixel_workbench_toolbox:/home/user/ros2_ws/install/dynamixel_sdk:${CMAKE_PREFIX_PATH} LD_LIBRARY_PATH=/home/user/ros2_ws/install/dynamixel_workbench_toolbox/lib:/home/user/ros2_ws/install/dynamixel_sdk/lib:/home/simulations/ros2_sims_ws/install/rmw_cyclonedds_cpp/lib:/home/simulations/ros2_sims_ws/install/cyclonedds/lib:/home/user/catkin_ws/devel/lib:/home/simulations/public_sim_ws/devel/lib:/opt/ros/jazzy/lib:/opt/ros/jazzy/lib/x86_64-linux-gnu:/usr/local/cuda-10.2/lib64:/home/user/.catkin_ws_python3/src/TensorRT-7.0.0.11/lib:/home/user/catkin_ws/devel/lib:/home/simulations/public_sim_ws/devel/lib:/opt/ros/jazzy/lib:/opt/ros/jazzy/lib/x86_64-linux-gnu:/opt/ros/jazzy/opt/gz_sim_vendor/lib:/opt/ros/jazzy/opt/gz_sensors_vendor/lib:/opt/ros/jazzy/opt/gz_physics_vendor/lib:/opt/ros/jazzy/opt/sdformat_vendor/lib:/opt/ros/jazzy/opt/rviz_ogre_vendor/lib:/opt/ros/jazzy/lib/x86_64-linux-gnu:/opt/ros/jazzy/opt/gz_gui_vendor/lib:/opt/ros/jazzy/opt/gz_transport_vendor/lib:/opt/ros/jazzy/opt/gz_rendering_vendor/lib:/opt/ros/jazzy/opt/gz_plugin_vendor/lib:/opt/ros/jazzy/opt/gz_fuel_tools_vendor/lib:/opt/ros/jazzy/opt/gz_msgs_vendor/lib:/opt/ros/jazzy/opt/gz_common_vendor/lib:/opt/ros/jazzy/opt/gz_math_vendor/lib:/opt/ros/jazzy/opt/gz_utils_vendor/lib:/opt/ros/jazzy/opt/gz_tools_vendor/lib:/opt/ros/jazzy/opt/gz_ogre_next_vendor/lib:/opt/ros/jazzy/opt/gz_dartsim_vendor/lib:/opt/ros/jazzy/opt/gz_cmake_vendor/lib:/opt/ros/jazzy/lib:/usr/local/cuda-10.2/lib64:/home/user/.catkin_ws_python3/src/TensorRT-7.0.0.11/lib _=/usr/bin/env /usr/bin/cmake /home/user/ros2_ws/src/dynamixel_hardware_interface -DCMAKE_INSTALL_PREFIX=/home/user/ros2_ws/install/dynamixel_hardware_interface
[2.257s] -- The C compiler identification is GNU 13.3.0
[2.258s] -- The CXX compiler identification is GNU 13.3.0
[2.258s] -- Detecting C compiler ABI info
[2.259s] -- Detecting C compiler ABI info - done
[2.259s] -- Check for working C compiler: /usr/bin/cc - skipped
[2.259s] -- Detecting C compile features
[2.259s] -- Detecting C compile features - done
[2.259s] -- Detecting CXX compiler ABI info
[2.259s] -- Detecting CXX compiler ABI info - done
[2.259s] -- Check for working CXX compiler: /usr/bin/c++ - skipped
[2.260s] -- Detecting CXX compile features
[2.260s] -- Detecting CXX compile features - done
[2.260s] -- Found ament_cmake: 2.5.4 (/opt/ros/jazzy/share/ament_cmake/cmake)
[2.260s] -- Found Python3: /usr/bin/python3 (found version "3.12.3") found components: Interpreter 
[2.260s] -- Found rclcpp: 28.1.12 (/opt/ros/jazzy/share/rclcpp/cmake)
[2.323s] -- Found rosidl_generator_c: 4.6.6 (/opt/ros/jazzy/share/rosidl_generator_c/cmake)
[2.368s] -- Found rosidl_generator_cpp: 4.6.6 (/opt/ros/jazzy/share/rosidl_generator_cpp/cmake)
[2.429s] -- Using all available rosidl_typesupport_c: rosidl_typesupport_fastrtps_c;rosidl_typesupport_introspection_c
[2.468s] -- Using all available rosidl_typesupport_cpp: rosidl_typesupport_fastrtps_cpp;rosidl_typesupport_introspection_cpp
[2.648s] -- Found rmw_implementation_cmake: 7.3.2 (/opt/ros/jazzy/share/rmw_implementation_cmake/cmake)
[2.655s] -- Found rmw_fastrtps_cpp: 8.4.3 (/opt/ros/jazzy/share/rmw_fastrtps_cpp/cmake)
[2.809s] -- Found OpenSSL: /usr/lib/x86_64-linux-gnu/libcrypto.so (found version "3.0.13")  
[2.834s] -- Found FastRTPS: /opt/ros/jazzy/include (Required is at least version "2.13") 
[2.862s] -- Using RMW implementation 'rmw_fastrtps_cpp' as default
[2.982s] -- Found hardware_interface: 4.39.2 (/opt/ros/jazzy/share/hardware_interface/cmake)
[3.574s] -- Found dynamixel_workbench_toolbox: 2.2.3 (/home/user/ros2_ws/install/dynamixel_workbench_toolbox/share/dynamixel_workbench_toolbox/cmake)
[3.591s] -- Found ament_lint_auto: 0.17.3 (/opt/ros/jazzy/share/ament_lint_auto/cmake)
[3.748s] -- Added test 'copyright' to check source files copyright and LICENSE
[3.750s] -- Added test 'cppcheck' to perform static code analysis on C / C++ code
[3.751s] -- Configured cppcheck include dirs: /home/user/ros2_ws/src/dynamixel_hardware_interface/include
[3.751s] -- Configured cppcheck exclude dirs and/or files: 
[3.754s] -- Added test 'cpplint' to check C / C++ code against the Google style
[3.754s] -- Configured cpplint exclude dirs and/or files: 
[3.755s] -- Added test 'flake8' to check Python code syntax and style conventions
[3.755s] -- Configured 'flake8' exclude dirs and/or files: 
[3.757s] -- Added test 'lint_cmake' to check CMake code style
[3.759s] -- Added test 'pep257' to check Python code against some of the docstring style conventions in PEP 257
[3.761s] -- Added test 'uncrustify' to check C / C++ code style
[3.761s] -- Configured uncrustify additional arguments: 
[3.762s] -- Added test 'xmllint' to check XML markup files
[3.767s] -- Configuring done (3.6s)
[3.805s] -- Generating done (0.0s)
[3.815s] -- Build files have been written to: /home/user/ros2_ws/build/dynamixel_hardware_interface
[3.832s] Invoked command in '/home/user/ros2_ws/build/dynamixel_hardware_interface' returned '0': AMENT_PREFIX_PATH=/home/user/ros2_ws/install/dynamixel_workbench_toolbox:/home/user/ros2_ws/install/dynamixel_sdk:${AMENT_PREFIX_PATH} CMAKE_PREFIX_PATH=/home/user/ros2_ws/install/dynamixel_workbench_toolbox:/home/user/ros2_ws/install/dynamixel_sdk:${CMAKE_PREFIX_PATH} LD_LIBRARY_PATH=/home/user/ros2_ws/install/dynamixel_workbench_toolbox/lib:/home/user/ros2_ws/install/dynamixel_sdk/lib:/home/simulations/ros2_sims_ws/install/rmw_cyclonedds_cpp/lib:/home/simulations/ros2_sims_ws/install/cyclonedds/lib:/home/user/catkin_ws/devel/lib:/home/simulations/public_sim_ws/devel/lib:/opt/ros/jazzy/lib:/opt/ros/jazzy/lib/x86_64-linux-gnu:/usr/local/cuda-10.2/lib64:/home/user/.catkin_ws_python3/src/TensorRT-7.0.0.11/lib:/home/user/catkin_ws/devel/lib:/home/simulations/public_sim_ws/devel/lib:/opt/ros/jazzy/lib:/opt/ros/jazzy/lib/x86_64-linux-gnu:/opt/ros/jazzy/opt/gz_sim_vendor/lib:/opt/ros/jazzy/opt/gz_sensors_vendor/lib:/opt/ros/jazzy/opt/gz_physics_vendor/lib:/opt/ros/jazzy/opt/sdformat_vendor/lib:/opt/ros/jazzy/opt/rviz_ogre_vendor/lib:/opt/ros/jazzy/lib/x86_64-linux-gnu:/opt/ros/jazzy/opt/gz_gui_vendor/lib:/opt/ros/jazzy/opt/gz_transport_vendor/lib:/opt/ros/jazzy/opt/gz_rendering_vendor/lib:/opt/ros/jazzy/opt/gz_plugin_vendor/lib:/opt/ros/jazzy/opt/gz_fuel_tools_vendor/lib:/opt/ros/jazzy/opt/gz_msgs_vendor/lib:/opt/ros/jazzy/opt/gz_common_vendor/lib:/opt/ros/jazzy/opt/gz_math_vendor/lib:/opt/ros/jazzy/opt/gz_utils_vendor/lib:/opt/ros/jazzy/opt/gz_tools_vendor/lib:/opt/ros/jazzy/opt/gz_ogre_next_vendor/lib:/opt/ros/jazzy/opt/gz_dartsim_vendor/lib:/opt/ros/jazzy/opt/gz_cmake_vendor/lib:/opt/ros/jazzy/lib:/usr/local/cuda-10.2/lib64:/home/user/.catkin_ws_python3/src/TensorRT-7.0.0.11/lib _=/usr/bin/env /usr/bin/cmake /home/user/ros2_ws/src/dynamixel_hardware_interface -DCMAKE_INSTALL_PREFIX=/home/user/ros2_ws/install/dynamixel_hardware_interface
[3.833s] Invoking command in '/home/user/ros2_ws/build/dynamixel_hardware_interface': AMENT_PREFIX_PATH=/home/user/ros2_ws/install/dynamixel_workbench_toolbox:/home/user/ros2_ws/install/dynamixel_sdk:${AMENT_PREFIX_PATH} CMAKE_PREFIX_PATH=/home/user/ros2_ws/install/dynamixel_workbench_toolbox:/home/user/ros2_ws/install/dynamixel_sdk:${CMAKE_PREFIX_PATH} LD_LIBRARY_PATH=/home/user/ros2_ws/install/dynamixel_workbench_toolbox/lib:/home/user/ros2_ws/install/dynamixel_sdk/lib:/home/simulations/ros2_sims_ws/install/rmw_cyclonedds_cpp/lib:/home/simulations/ros2_sims_ws/install/cyclonedds/lib:/home/user/catkin_ws/devel/lib:/home/simulations/public_sim_ws/devel/lib:/opt/ros/jazzy/lib:/opt/ros/jazzy/lib/x86_64-linux-gnu:/usr/local/cuda-10.2/lib64:/home/user/.catkin_ws_python3/src/TensorRT-7.0.0.11/lib:/home/user/catkin_ws/devel/lib:/home/simulations/public_sim_ws/devel/lib:/opt/ros/jazzy/lib:/opt/ros/jazzy/lib/x86_64-linux-gnu:/opt/ros/jazzy/opt/gz_sim_vendor/lib:/opt/ros/jazzy/opt/gz_sensors_vendor/lib:/opt/ros/jazzy/opt/gz_physics_vendor/lib:/opt/ros/jazzy/opt/sdformat_vendor/lib:/opt/ros/jazzy/opt/rviz_ogre_vendor/lib:/opt/ros/jazzy/lib/x86_64-linux-gnu:/opt/ros/jazzy/opt/gz_gui_vendor/lib:/opt/ros/jazzy/opt/gz_transport_vendor/lib:/opt/ros/jazzy/opt/gz_rendering_vendor/lib:/opt/ros/jazzy/opt/gz_plugin_vendor/lib:/opt/ros/jazzy/opt/gz_fuel_tools_vendor/lib:/opt/ros/jazzy/opt/gz_msgs_vendor/lib:/opt/ros/jazzy/opt/gz_common_vendor/lib:/opt/ros/jazzy/opt/gz_math_vendor/lib:/opt/ros/jazzy/opt/gz_utils_vendor/lib:/opt/ros/jazzy/opt/gz_tools_vendor/lib:/opt/ros/jazzy/opt/gz_ogre_next_vendor/lib:/opt/ros/jazzy/opt/gz_dartsim_vendor/lib:/opt/ros/jazzy/opt/gz_cmake_vendor/lib:/opt/ros/jazzy/lib:/usr/local/cuda-10.2/lib64:/home/user/.catkin_ws_python3/src/TensorRT-7.0.0.11/lib _=/usr/bin/env /usr/bin/cmake --build /home/user/ros2_ws/build/dynamixel_hardware_interface -- -j8 -l8
[3.912s] [ 50%] [32mBuilding CXX object CMakeFiles/dynamixel_hardware_interface.dir/src/dynamixel_hardware_interface.cpp.o[0m
[9.989s] [100%] [32m[1mLinking CXX shared library libdynamixel_hardware_interface.so[0m
[10.250s] [100%] Built target dynamixel_hardware_interface
[10.262s] Invoked command in '/home/user/ros2_ws/build/dynamixel_hardware_interface' returned '0': AMENT_PREFIX_PATH=/home/user/ros2_ws/install/dynamixel_workbench_toolbox:/home/user/ros2_ws/install/dynamixel_sdk:${AMENT_PREFIX_PATH} CMAKE_PREFIX_PATH=/home/user/ros2_ws/install/dynamixel_workbench_toolbox:/home/user/ros2_ws/install/dynamixel_sdk:${CMAKE_PREFIX_PATH} LD_LIBRARY_PATH=/home/user/ros2_ws/install/dynamixel_workbench_toolbox/lib:/home/user/ros2_ws/install/dynamixel_sdk/lib:/home/simulations/ros2_sims_ws/install/rmw_cyclonedds_cpp/lib:/home/simulations/ros2_sims_ws/install/cyclonedds/lib:/home/user/catkin_ws/devel/lib:/home/simulations/public_sim_ws/devel/lib:/opt/ros/jazzy/lib:/opt/ros/jazzy/lib/x86_64-linux-gnu:/usr/local/cuda-10.2/lib64:/home/user/.catkin_ws_python3/src/TensorRT-7.0.0.11/lib:/home/user/catkin_ws/devel/lib:/home/simulations/public_sim_ws/devel/lib:/opt/ros/jazzy/lib:/opt/ros/jazzy/lib/x86_64-linux-gnu:/opt/ros/jazzy/opt/gz_sim_vendor/lib:/opt/ros/jazzy/opt/gz_sensors_vendor/lib:/opt/ros/jazzy/opt/gz_physics_vendor/lib:/opt/ros/jazzy/opt/sdformat_vendor/lib:/opt/ros/jazzy/opt/rviz_ogre_vendor/lib:/opt/ros/jazzy/lib/x86_64-linux-gnu:/opt/ros/jazzy/opt/gz_gui_vendor/lib:/opt/ros/jazzy/opt/gz_transport_vendor/lib:/opt/ros/jazzy/opt/gz_rendering_vendor/lib:/opt/ros/jazzy/opt/gz_plugin_vendor/lib:/opt/ros/jazzy/opt/gz_fuel_tools_vendor/lib:/opt/ros/jazzy/opt/gz_msgs_vendor/lib:/opt/ros/jazzy/opt/gz_common_vendor/lib:/opt/ros/jazzy/opt/gz_math_vendor/lib:/opt/ros/jazzy/opt/gz_utils_vendor/lib:/opt/ros/jazzy/opt/gz_tools_vendor/lib:/opt/ros/jazzy/opt/gz_ogre_next_vendor/lib:/opt/ros/jazzy/opt/gz_dartsim_vendor/lib:/opt/ros/jazzy/opt/gz_cmake_vendor/lib:/opt/ros/jazzy/lib:/usr/local/cuda-10.2/lib64:/home/user/.catkin_ws_python3/src/TensorRT-7.0.0.11/lib _=/usr/bin/env /usr/bin/cmake --build /home/user/ros2_ws/build/dynamixel_hardware_interface -- -j8 -l8
[10.264s] Invoking command in '/home/user/ros2_ws/build/dynamixel_hardware_interface': AMENT_PREFIX_PATH=/home/user/ros2_ws/install/dynamixel_workbench_toolbox:/home/user/ros2_ws/install/dynamixel_sdk:${AMENT_PREFIX_PATH} CMAKE_PREFIX_PATH=/home/user/ros2_ws/install/dynamixel_workbench_toolbox:/home/user/ros2_ws/install/dynamixel_sdk:${CMAKE_PREFIX_PATH} LD_LIBRARY_PATH=/home/user/ros2_ws/install/dynamixel_workbench_toolbox/lib:/home/user/ros2_ws/install/dynamixel_sdk/lib:/home/simulations/ros2_sims_ws/install/rmw_cyclonedds_cpp/lib:/home/simulations/ros2_sims_ws/install/cyclonedds/lib:/home/user/catkin_ws/devel/lib:/home/simulations/public_sim_ws/devel/lib:/opt/ros/jazzy/lib:/opt/ros/jazzy/lib/x86_64-linux-gnu:/usr/local/cuda-10.2/lib64:/home/user/.catkin_ws_python3/src/TensorRT-7.0.0.11/lib:/home/user/catkin_ws/devel/lib:/home/simulations/public_sim_ws/devel/lib:/opt/ros/jazzy/lib:/opt/ros/jazzy/lib/x86_64-linux-gnu:/opt/ros/jazzy/opt/gz_sim_vendor/lib:/opt/ros/jazzy/opt/gz_sensors_vendor/lib:/opt/ros/jazzy/opt/gz_physics_vendor/lib:/opt/ros/jazzy/opt/sdformat_vendor/lib:/opt/ros/jazzy/opt/rviz_ogre_vendor/lib:/opt/ros/jazzy/lib/x86_64-linux-gnu:/opt/ros/jazzy/opt/gz_gui_vendor/lib:/opt/ros/jazzy/opt/gz_transport_vendor/lib:/opt/ros/jazzy/opt/gz_rendering_vendor/lib:/opt/ros/jazzy/opt/gz_plugin_vendor/lib:/opt/ros/jazzy/opt/gz_fuel_tools_vendor/lib:/opt/ros/jazzy/opt/gz_msgs_vendor/lib:/opt/ros/jazzy/opt/gz_common_vendor/lib:/opt/ros/jazzy/opt/gz_math_vendor/lib:/opt/ros/jazzy/opt/gz_utils_vendor/lib:/opt/ros/jazzy/opt/gz_tools_vendor/lib:/opt/ros/jazzy/opt/gz_ogre_next_vendor/lib:/opt/ros/jazzy/opt/gz_dartsim_vendor/lib:/opt/ros/jazzy/opt/gz_cmake_vendor/lib:/opt/ros/jazzy/lib:/usr/local/cuda-10.2/lib64:/home/user/.catkin_ws_python3/src/TensorRT-7.0.0.11/lib _=/usr/bin/env /usr/bin/cmake --install /home/user/ros2_ws/build/dynamixel_hardware_interface
[10.272s] -- Install configuration: ""
[10.272s] -- Installing: /home/user/ros2_ws/install/dynamixel_hardware_interface/share/dynamixel_hardware_interface/dynamixel_hardware.xml
[10.273s] -- Installing: /home/user/ros2_ws/install/dynamixel_hardware_interface/lib/libdynamixel_hardware_interface.so
[10.275s] -- Set non-toolchain portion of runtime path of "/home/user/ros2_ws/install/dynamixel_hardware_interface/lib/libdynamixel_hardware_interface.so" to ""
[10.275s] -- Installing: /home/user/ros2_ws/install/dynamixel_hardware_interface/include
[10.275s] -- Installing: /home/user/ros2_ws/install/dynamixel_hardware_interface/include/dynamixel_hardware_interface
[10.275s] -- Installing: /home/user/ros2_ws/install/dynamixel_hardware_interface/include/dynamixel_hardware_interface.hpp
[10.275s] -- Installing: /home/user/ros2_ws/install/dynamixel_hardware_interface/share/dynamixel_hardware_interface//launch
[10.275s] -- Installing: /home/user/ros2_ws/install/dynamixel_hardware_interface/share/dynamixel_hardware_interface//launch/bring_up_on_hardware.launch.py
[10.276s] -- Installing: /home/user/ros2_ws/install/dynamixel_hardware_interface/share/dynamixel_hardware_interface//config
[10.276s] -- Installing: /home/user/ros2_ws/install/dynamixel_hardware_interface/share/dynamixel_hardware_interface//config/controller_configuration.yaml
[10.276s] -- Installing: /home/user/ros2_ws/install/dynamixel_hardware_interface/share/dynamixel_hardware_interface/environment/library_path.sh
[10.276s] -- Installing: /home/user/ros2_ws/install/dynamixel_hardware_interface/share/dynamixel_hardware_interface/environment/library_path.dsv
[10.276s] -- Installing: /home/user/ros2_ws/install/dynamixel_hardware_interface/share/ament_index/resource_index/package_run_dependencies/dynamixel_hardware_interface
[10.277s] -- Installing: /home/user/ros2_ws/install/dynamixel_hardware_interface/share/ament_index/resource_index/parent_prefix_path/dynamixel_hardware_interface
[10.277s] -- Installing: /home/user/ros2_ws/install/dynamixel_hardware_interface/share/dynamixel_hardware_interface/environment/ament_prefix_path.sh
[10.277s] -- Installing: /home/user/ros2_ws/install/dynamixel_hardware_interface/share/dynamixel_hardware_interface/environment/ament_prefix_path.dsv
[10.277s] -- Installing: /home/user/ros2_ws/install/dynamixel_hardware_interface/share/dynamixel_hardware_interface/environment/path.sh
[10.277s] -- Installing: /home/user/ros2_ws/install/dynamixel_hardware_interface/share/dynamixel_hardware_interface/environment/path.dsv
[10.277s] -- Installing: /home/user/ros2_ws/install/dynamixel_hardware_interface/share/dynamixel_hardware_interface/local_setup.bash
[10.277s] -- Installing: /home/user/ros2_ws/install/dynamixel_hardware_interface/share/dynamixel_hardware_interface/local_setup.sh
[10.278s] -- Installing: /home/user/ros2_ws/install/dynamixel_hardware_interface/share/dynamixel_hardware_interface/local_setup.zsh
[10.278s] -- Installing: /home/user/ros2_ws/install/dynamixel_hardware_interface/share/dynamixel_hardware_interface/local_setup.dsv
[10.278s] -- Installing: /home/user/ros2_ws/install/dynamixel_hardware_interface/share/dynamixel_hardware_interface/package.dsv
[10.278s] -- Installing: /home/user/ros2_ws/install/dynamixel_hardware_interface/share/ament_index/resource_index/packages/dynamixel_hardware_interface
[10.278s] -- Installing: /home/user/ros2_ws/install/dynamixel_hardware_interface/share/ament_index/resource_index/hardware_interface__pluginlib__plugin/dynamixel_hardware_interface
[10.278s] -- Installing: /home/user/ros2_ws/install/dynamixel_hardware_interface/share/dynamixel_hardware_interface/cmake/ament_cmake_export_include_directories-extras.cmake
[10.279s] -- Installing: /home/user/ros2_ws/install/dynamixel_hardware_interface/share/dynamixel_hardware_interface/cmake/ament_cmake_export_libraries-extras.cmake
[10.279s] -- Installing: /home/user/ros2_ws/install/dynamixel_hardware_interface/share/dynamixel_hardware_interface/cmake/ament_cmake_export_dependencies-extras.cmake
[10.279s] -- Installing: /home/user/ros2_ws/install/dynamixel_hardware_interface/share/dynamixel_hardware_interface/cmake/dynamixel_hardware_interfaceConfig.cmake
[10.279s] -- Installing: /home/user/ros2_ws/install/dynamixel_hardware_interface/share/dynamixel_hardware_interface/cmake/dynamixel_hardware_interfaceConfig-version.cmake
[10.279s] -- Installing: /home/user/ros2_ws/install/dynamixel_hardware_interface/share/dynamixel_hardware_interface/package.xml
[10.281s] Invoked command in '/home/user/ros2_ws/build/dynamixel_hardware_interface' returned '0': AMENT_PREFIX_PATH=/home/user/ros2_ws/install/dynamixel_workbench_toolbox:/home/user/ros2_ws/install/dynamixel_sdk:${AMENT_PREFIX_PATH} CMAKE_PREFIX_PATH=/home/user/ros2_ws/install/dynamixel_workbench_toolbox:/home/user/ros2_ws/install/dynamixel_sdk:${CMAKE_PREFIX_PATH} LD_LIBRARY_PATH=/home/user/ros2_ws/install/dynamixel_workbench_toolbox/lib:/home/user/ros2_ws/install/dynamixel_sdk/lib:/home/simulations/ros2_sims_ws/install/rmw_cyclonedds_cpp/lib:/home/simulations/ros2_sims_ws/install/cyclonedds/lib:/home/user/catkin_ws/devel/lib:/home/simulations/public_sim_ws/devel/lib:/opt/ros/jazzy/lib:/opt/ros/jazzy/lib/x86_64-linux-gnu:/usr/local/cuda-10.2/lib64:/home/user/.catkin_ws_python3/src/TensorRT-7.0.0.11/lib:/home/user/catkin_ws/devel/lib:/home/simulations/public_sim_ws/devel/lib:/opt/ros/jazzy/lib:/opt/ros/jazzy/lib/x86_64-linux-gnu:/opt/ros/jazzy/opt/gz_sim_vendor/lib:/opt/ros/jazzy/opt/gz_sensors_vendor/lib:/opt/ros/jazzy/opt/gz_physics_vendor/lib:/opt/ros/jazzy/opt/sdformat_vendor/lib:/opt/ros/jazzy/opt/rviz_ogre_vendor/lib:/opt/ros/jazzy/lib/x86_64-linux-gnu:/opt/ros/jazzy/opt/gz_gui_vendor/lib:/opt/ros/jazzy/opt/gz_transport_vendor/lib:/opt/ros/jazzy/opt/gz_rendering_vendor/lib:/opt/ros/jazzy/opt/gz_plugin_vendor/lib:/opt/ros/jazzy/opt/gz_fuel_tools_vendor/lib:/opt/ros/jazzy/opt/gz_msgs_vendor/lib:/opt/ros/jazzy/opt/gz_common_vendor/lib:/opt/ros/jazzy/opt/gz_math_vendor/lib:/opt/ros/jazzy/opt/gz_utils_vendor/lib:/opt/ros/jazzy/opt/gz_tools_vendor/lib:/opt/ros/jazzy/opt/gz_ogre_next_vendor/lib:/opt/ros/jazzy/opt/gz_dartsim_vendor/lib:/opt/ros/jazzy/opt/gz_cmake_vendor/lib:/opt/ros/jazzy/lib:/usr/local/cuda-10.2/lib64:/home/user/.catkin_ws_python3/src/TensorRT-7.0.0.11/lib _=/usr/bin/env /usr/bin/cmake --install /home/user/ros2_ws/build/dynamixel_hardware_interface
