[0.859s] Invoking command in '/home/user/ros2_ws/build/my_robot_bringup': CMAKE_PREFIX_PATH=${CMAKE_PREFIX_PATH}:/home/user/ros2_ws/install/joint_trajectory_publisher:/home/user/ros2_ws/install/joint_trajectory_demo _=/usr/bin/env /usr/bin/cmake --build /home/user/ros2_ws/build/my_robot_bringup -- -j8 -l8
[1.075s] Invoked command in '/home/user/ros2_ws/build/my_robot_bringup' returned '0': CMAKE_PREFIX_PATH=${CMAKE_PREFIX_PATH}:/home/user/ros2_ws/install/joint_trajectory_publisher:/home/user/ros2_ws/install/joint_trajectory_demo _=/usr/bin/env /usr/bin/cmake --build /home/user/ros2_ws/build/my_robot_bringup -- -j8 -l8
[1.076s] Invoking command in '/home/user/ros2_ws/build/my_robot_bringup': CMAKE_PREFIX_PATH=${CMAKE_PREFIX_PATH}:/home/user/ros2_ws/install/joint_trajectory_publisher:/home/user/ros2_ws/install/joint_trajectory_demo _=/usr/bin/env /usr/bin/cmake --install /home/user/ros2_ws/build/my_robot_bringup
[1.105s] -- Install configuration: ""
[1.105s] -- Up-to-date: /home/user/ros2_ws/install/my_robot_bringup/share/my_robot_bringup//launch
[1.105s] -- Up-to-date: /home/user/ros2_ws/install/my_robot_bringup/share/my_robot_bringup//launch/rrbot_with_rrbot_controller.launch.py
[1.105s] -- Up-to-date: /home/user/ros2_ws/install/my_robot_bringup/share/my_robot_bringup//launch/my_robot.launch.py
[1.105s] -- Up-to-date: /home/user/ros2_ws/install/my_robot_bringup/share/my_robot_bringup//config
[1.105s] -- Up-to-date: /home/user/ros2_ws/install/my_robot_bringup/share/my_robot_bringup//config/controller_configuration.yaml
[1.106s] -- Up-to-date: /home/user/ros2_ws/install/my_robot_bringup/share/ament_index/resource_index/package_run_dependencies/my_robot_bringup
[1.106s] -- Up-to-date: /home/user/ros2_ws/install/my_robot_bringup/share/ament_index/resource_index/parent_prefix_path/my_robot_bringup
[1.106s] -- Up-to-date: /home/user/ros2_ws/install/my_robot_bringup/share/my_robot_bringup/environment/ament_prefix_path.sh
[1.106s] -- Up-to-date: /home/user/ros2_ws/install/my_robot_bringup/share/my_robot_bringup/environment/ament_prefix_path.dsv
[1.106s] -- Up-to-date: /home/user/ros2_ws/install/my_robot_bringup/share/my_robot_bringup/environment/path.sh
[1.106s] -- Up-to-date: /home/user/ros2_ws/install/my_robot_bringup/share/my_robot_bringup/environment/path.dsv
[1.107s] -- Up-to-date: /home/user/ros2_ws/install/my_robot_bringup/share/my_robot_bringup/local_setup.bash
[1.107s] -- Up-to-date: /home/user/ros2_ws/install/my_robot_bringup/share/my_robot_bringup/local_setup.sh
[1.107s] -- Up-to-date: /home/user/ros2_ws/install/my_robot_bringup/share/my_robot_bringup/local_setup.zsh
[1.107s] -- Up-to-date: /home/user/ros2_ws/install/my_robot_bringup/share/my_robot_bringup/local_setup.dsv
[1.107s] -- Installing: /home/user/ros2_ws/install/my_robot_bringup/share/my_robot_bringup/package.dsv
[1.107s] -- Up-to-date: /home/user/ros2_ws/install/my_robot_bringup/share/ament_index/resource_index/packages/my_robot_bringup
[1.107s] -- Up-to-date: /home/user/ros2_ws/install/my_robot_bringup/share/my_robot_bringup/cmake/my_robot_bringupConfig.cmake
[1.107s] -- Up-to-date: /home/user/ros2_ws/install/my_robot_bringup/share/my_robot_bringup/cmake/my_robot_bringupConfig-version.cmake
[1.107s] -- Up-to-date: /home/user/ros2_ws/install/my_robot_bringup/share/my_robot_bringup/package.xml
[1.187s] Invoked command in '/home/user/ros2_ws/build/my_robot_bringup' returned '0': CMAKE_PREFIX_PATH=${CMAKE_PREFIX_PATH}:/home/user/ros2_ws/install/joint_trajectory_publisher:/home/user/ros2_ws/install/joint_trajectory_demo _=/usr/bin/env /usr/bin/cmake --install /home/user/ros2_ws/build/my_robot_bringup
