-- Install configuration: ""
-- Up-to-date: /home/user/ros2_ws/install/rrbot_unit4/share/ament_index/resource_index/package_run_dependencies/rrbot_unit4
-- Up-to-date: /home/user/ros2_ws/install/rrbot_unit4/share/ament_index/resource_index/parent_prefix_path/rrbot_unit4
-- Up-to-date: /home/user/ros2_ws/install/rrbot_unit4/share/rrbot_unit4/environment/ament_prefix_path.sh
-- Up-to-date: /home/user/ros2_ws/install/rrbot_unit4/share/rrbot_unit4/environment/ament_prefix_path.dsv
-- Up-to-date: /home/user/ros2_ws/install/rrbot_unit4/share/rrbot_unit4/environment/path.sh
-- Up-to-date: /home/user/ros2_ws/install/rrbot_unit4/share/rrbot_unit4/environment/path.dsv
-- Up-to-date: /home/user/ros2_ws/install/rrbot_unit4/share/rrbot_unit4/local_setup.bash
-- Up-to-date: /home/user/ros2_ws/install/rrbot_unit4/share/rrbot_unit4/local_setup.sh
-- Up-to-date: /home/user/ros2_ws/install/rrbot_unit4/share/rrbot_unit4/local_setup.zsh
-- Up-to-date: /home/user/ros2_ws/install/rrbot_unit4/share/rrbot_unit4/local_setup.dsv
-- Up-to-date: /home/user/ros2_ws/install/rrbot_unit4/share/rrbot_unit4/package.dsv
-- Up-to-date: /home/user/ros2_ws/install/rrbot_unit4/share/ament_index/resource_index/packages/rrbot_unit4
-- Up-to-date: /home/user/ros2_ws/install/rrbot_unit4/share/rrbot_unit4/cmake/rrbot_unit4Config.cmake
-- Up-to-date: /home/user/ros2_ws/install/rrbot_unit4/share/rrbot_unit4/cmake/rrbot_unit4Config-version.cmake
-- Up-to-date: /home/user/ros2_ws/install/rrbot_unit4/share/rrbot_unit4/package.xml
-- Up-to-date: /home/user/ros2_ws/install/rrbot_unit4/share/rrbot_unit4/urdf
-- Up-to-date: /home/user/ros2_ws/install/rrbot_unit4/share/rrbot_unit4/urdf/rrbot.xacro
-- Up-to-date: /home/user/ros2_ws/install/rrbot_unit4/share/rrbot_unit4/urdf/materials.xacro
-- Up-to-date: /home/user/ros2_ws/install/rrbot_unit4/share/rrbot_unit4/urdf/rrbot.gazebo
-- Up-to-date: /home/user/ros2_ws/install/rrbot_unit4/share/rrbot_unit4/rviz
-- Up-to-date: /home/user/ros2_ws/install/rrbot_unit4/share/rrbot_unit4/rviz/unit4.rviz
