[2.087s] Invoking command in '/home/user/ros2_ws/src/ros2_control_course/unit1/joint_trajectory_demo': PYTHONPATH=/home/user/ros2_ws/build/joint_trajectory_demo/prefix_override:/usr/lib/python3/dist-packages/colcon_core/task/python/colcon_distutils_commands:/home/user/ros2_ws/install/joint_trajectory_demo/lib/python3.12/site-packages:${PYTHONPATH} _=/usr/bin/env /usr/bin/python3 -W ignore:setup.py install is deprecated -W ignore:easy_install command is deprecated setup.py egg_info --egg-base ../../../../build/joint_trajectory_demo build --build-base /home/user/ros2_ws/build/joint_trajectory_demo/build install --record /home/user/ros2_ws/build/joint_trajectory_demo/install.log --single-version-externally-managed install_data
[2.594s] running egg_info
[2.630s] writing ../../../../build/joint_trajectory_demo/joint_trajectory_demo.egg-info/PKG-INFO
[2.630s] writing dependency_links to ../../../../build/joint_trajectory_demo/joint_trajectory_demo.egg-info/dependency_links.txt
[2.631s] writing entry points to ../../../../build/joint_trajectory_demo/joint_trajectory_demo.egg-info/entry_points.txt
[2.631s] writing requirements to ../../../../build/joint_trajectory_demo/joint_trajectory_demo.egg-info/requires.txt
[2.631s] writing top-level names to ../../../../build/joint_trajectory_demo/joint_trajectory_demo.egg-info/top_level.txt
[2.702s] reading manifest file '../../../../build/joint_trajectory_demo/joint_trajectory_demo.egg-info/SOURCES.txt'
[2.703s] writing manifest file '../../../../build/joint_trajectory_demo/joint_trajectory_demo.egg-info/SOURCES.txt'
[2.704s] running build
[2.704s] running build_py
[2.705s] running install
[2.715s] running install_lib
[2.747s] running install_data
[2.748s] running install_egg_info
[2.784s] removing '/home/user/ros2_ws/install/joint_trajectory_demo/lib/python3.12/site-packages/joint_trajectory_demo-0.0.1-py3.12.egg-info' (and everything under it)
[2.784s] Copying ../../../../build/joint_trajectory_demo/joint_trajectory_demo.egg-info to /home/user/ros2_ws/install/joint_trajectory_demo/lib/python3.12/site-packages/joint_trajectory_demo-0.0.1-py3.12.egg-info
[2.785s] running install_scripts
[3.016s] Installing publisher_forward_position_controller script to /home/user/ros2_ws/install/joint_trajectory_demo/lib/joint_trajectory_demo
[3.019s] Installing publisher_joint_trajectory_controller script to /home/user/ros2_ws/install/joint_trajectory_demo/lib/joint_trajectory_demo
[3.019s] writing list of installed files to '/home/user/ros2_ws/build/joint_trajectory_demo/install.log'
[3.064s] Invoked command in '/home/user/ros2_ws/src/ros2_control_course/unit1/joint_trajectory_demo' returned '0': PYTHONPATH=/home/user/ros2_ws/build/joint_trajectory_demo/prefix_override:/usr/lib/python3/dist-packages/colcon_core/task/python/colcon_distutils_commands:/home/user/ros2_ws/install/joint_trajectory_demo/lib/python3.12/site-packages:${PYTHONPATH} _=/usr/bin/env /usr/bin/python3 -W ignore:setup.py install is deprecated -W ignore:easy_install command is deprecated setup.py egg_info --egg-base ../../../../build/joint_trajectory_demo build --build-base /home/user/ros2_ws/build/joint_trajectory_demo/build install --record /home/user/ros2_ws/build/joint_trajectory_demo/install.log --single-version-externally-managed install_data
